Component: ARM Compiler 5.06 update 6 (build 750) Tool: armlink [4d35ed]

==============================================================================

Section Cross References

    main.o(.text) refers to os_mbox.o(.text) for OSMboxPostOpt
    main.o(.text) refers to os_q.o(.text) for OSQPostOpt
    main.o(.text) refers to delay.o(.text) for delay_ms
    main.o(.text) refers to key.o(.text) for KEY_Scan
    main.o(.text) refers to tpad.o(.text) for TPAD_Scan
    main.o(.text) refers to os_cpu_a.o(.text) for OS_CPU_SR_Save
    main.o(.text) refers to w25qxx.o(.text) for Save_Reset
    main.o(.text) refers to malloc.o(.text) for mymalloc
    main.o(.text) refers to adc.o(.text) for Get_Adc_Average
    main.o(.text) refers to f2d.o(x$fpl$f2d) for __aeabi_f2d
    main.o(.text) refers to dmul.o(x$fpl$dmul) for __aeabi_dmul
    main.o(.text) refers to d2f.o(x$fpl$d2f) for __aeabi_d2f
    main.o(.text) refers to lcd.o(.text) for LCD_ShowString
    main.o(.text) refers to main.o(.data) for msg_check
    main.o(.text) refers to lcd.o(.bss) for lcddev
    main.o(.text) refers to os_task.o(.text) for OSTaskSuspend
    main.o(.text) refers to os_flag.o(.text) for OSFlagPost
    main.o(.text) refers to stm32f4xx_rtc.o(.text) for RTC_GetDate
    main.o(.text) refers to os_core.o(.text) for OSStatInit
    main.o(.text) refers to main.o(.bss) for MsgGrp
    main.o(.text) refers to misc.o(.text) for NVIC_PriorityGroupConfig
    main.o(.text) refers to usart.o(.text) for uart_init
    main.o(.text) refers to rtc.o(.text) for RTC_Set_WakeUp
    main.o(.text) refers to led.o(.text) for LED_Init
    main.o(.text) refers to beep.o(.text) for BEEP_Init
    system_stm32f4xx.o(.text) refers to system_stm32f4xx.o(.data) for SystemCoreClock
    led.o(.text) refers to stm32f4xx_rcc.o(.text) for RCC_AHB1PeriphClockCmd
    led.o(.text) refers to stm32f4xx_gpio.o(.text) for GPIO_Init
    lcd.o(.text) refers to _printf_percent.o(.ARM.Collect$$_printf_percent$$00000000) for _printf_percent
    lcd.o(.text) refers to _printf_x.o(.ARM.Collect$$_printf_percent$$0000000C) for _printf_x
    lcd.o(.text) refers to _printf_hex_int.o(.text) for _printf_longlong_hex
    lcd.o(.text) refers to delay.o(.text) for delay_us
    lcd.o(.text) refers to lcd.o(.bss) for lcddev
    lcd.o(.text) refers to lcd.o(.data) for POINT_COLOR
    lcd.o(.text) refers to dflt_clz.o(x$fpl$dfltu) for __aeabi_ui2d
    lcd.o(.text) refers to dmul.o(x$fpl$dmul) for __aeabi_dmul
    lcd.o(.text) refers to dfixu.o(x$fpl$dfixu) for __aeabi_d2uiz
    lcd.o(.text) refers to stm32f4xx_rcc.o(.text) for RCC_AHB1PeriphClockCmd
    lcd.o(.text) refers to stm32f4xx_gpio.o(.text) for GPIO_Init
    lcd.o(.text) refers to stm32f4xx_fsmc.o(.text) for FSMC_NORSRAMInit
    lcd.o(.text) refers to noretval__2printf.o(.text) for __2printf
    lcd.o(.text) refers to lcd.o(.constdata) for asc2_1206
    key.o(.text) refers to stm32f4xx_rcc.o(.text) for RCC_AHB1PeriphClockCmd
    key.o(.text) refers to stm32f4xx_gpio.o(.text) for GPIO_Init
    key.o(.text) refers to delay.o(.text) for delay_ms
    key.o(.text) refers to key.o(.data) for key_up
    timer.o(.text) refers to stm32f4xx_rcc.o(.text) for RCC_APB1PeriphClockCmd
    timer.o(.text) refers to stm32f4xx_tim.o(.text) for TIM_TimeBaseInit
    timer.o(.text) refers to misc.o(.text) for NVIC_Init
    tpad.o(.text) refers to _printf_percent.o(.ARM.Collect$$_printf_percent$$00000000) for _printf_percent
    tpad.o(.text) refers to _printf_d.o(.ARM.Collect$$_printf_percent$$00000009) for _printf_d
    tpad.o(.text) refers to _printf_dec.o(.text) for _printf_int_dec
    tpad.o(.text) refers to stm32f4xx_gpio.o(.text) for GPIO_Init
    tpad.o(.text) refers to delay.o(.text) for delay_ms
    tpad.o(.text) refers to stm32f4xx_tim.o(.text) for TIM_ClearITPendingBit
    tpad.o(.text) refers to stm32f4xx_rcc.o(.text) for RCC_APB1PeriphClockCmd
    tpad.o(.text) refers to noretval__2printf.o(.text) for __2printf
    tpad.o(.text) refers to tpad.o(.data) for tpad_default_val
    adc.o(.text) refers to stm32f4xx_rcc.o(.text) for RCC_AHB1PeriphClockCmd
    adc.o(.text) refers to stm32f4xx_gpio.o(.text) for GPIO_Init
    adc.o(.text) refers to stm32f4xx_adc.o(.text) for ADC_CommonInit
    adc.o(.text) refers to delay.o(.text) for delay_ms
    beep.o(.text) refers to stm32f4xx_rcc.o(.text) for RCC_AHB1PeriphClockCmd
    beep.o(.text) refers to stm32f4xx_gpio.o(.text) for GPIO_Init
    rtc.o(.text) refers to stm32f4xx_rtc.o(.text) for RTC_SetTime
    rtc.o(.text) refers to stm32f4xx_rcc.o(.text) for RCC_APB1PeriphClockCmd
    rtc.o(.text) refers to stm32f4xx_pwr.o(.text) for PWR_BackupAccessCmd
    rtc.o(.text) refers to delay.o(.text) for delay_ms
    rtc.o(.text) refers to stm32f4xx_exti.o(.text) for EXTI_ClearITPendingBit
    rtc.o(.text) refers to misc.o(.text) for NVIC_Init
    rtc.o(.text) refers to noretval__2printf.o(.text) for __2printf
    rtc.o(.text) refers to rtc.o(.data) for NVIC_InitStructure
[...]
    W25QXX_Write_NoCheck                     0x08006c93   Thumb Code    70  w25qxx.o(.text)
    W25QXX_Erase_Sector                      0x08006cd9   Thumb Code    70  w25qxx.o(.text)
    W25QXX_Write                             0x08006d1f   Thumb Code   180  w25qxx.o(.text)
    W25QXX_Erase_Chip                        0x08006dd3   Thumb Code    36  w25qxx.o(.text)
    W25QXX_PowerDown                         0x08006df7   Thumb Code    30  w25qxx.o(.text)
    W25QXX_WAKEUP                            0x08006e15   Thumb Code    30  w25qxx.o(.text)
    Save_Link                                0x08006e33   Thumb Code    56  w25qxx.o(.text)
    Save_Reset                               0x08006e6b   Thumb Code    50  w25qxx.o(.text)
    Save_Fault                               0x08006e9d   Thumb Code    90  w25qxx.o(.text)
    Save_Alarm                               0x08006ef7   Thumb Code    80  w25qxx.o(.text)
    delay_osschedlock                        0x08006f49   Thumb Code     8  delay.o(.text)
    delay_osschedunlock                      0x08006f51   Thumb Code     8  delay.o(.text)
    delay_ostimedly                          0x08006f59   Thumb Code    12  delay.o(.text)
    SysTick_Handler                          0x08006f65   Thumb Code    24  delay.o(.text)
    delay_init                               0x08006f7d   Thumb Code    76  delay.o(.text)
    delay_us                                 0x08006fc9   Thumb Code    84  delay.o(.text)
    delay_ms                                 0x0800701d   Thumb Code    66  delay.o(.text)
    _sys_exit                                0x08007071   Thumb Code     6  usart.o(.text)
    fputc                                    0x08007077   Thumb Code    22  usart.o(.text)
    uart_init                                0x0800708d   Thumb Code   164  usart.o(.text)
    USART1_IRQHandler                        0x08007131   Thumb Code   130  usart.o(.text)
    Reset_Handler                            0x080071c5   Thumb Code     8  startup_stm32f40_41xxx.o(.text)
    ADC_IRQHandler                           0x080071df   Thumb Code     0  startup_stm32f40_41xxx.o(.text)
    CAN1_RX0_IRQHandler                      0x080071df   Thumb Code     0  startup_stm32f40_41xxx.o(.text)
    CAN1_RX1_IRQHandler                      0x080071df   Thumb Code     0  startup_stm32f40_41xxx.o(.text)
    CAN1_SCE_IRQHandler                      0x080071df   Thumb Code     0  startup_stm32f40_41xxx.o(.text)
    CAN1_TX_IRQHandler                       0x080071df   Thumb Code     0  startup_stm32f40_41xxx.o(.text)
    CAN2_RX0_IRQHandler                      0x080071df   Thumb Code     0  startup_stm32f40_41xxx.o(.text)
    CAN2_RX1_IRQHandler                      0x080071df   Thumb Code     0  startup_stm32f40_41xxx.o(.text)
    CAN2_SCE_IRQHandler                      0x080071df   Thumb Code     0  startup_stm32f40_41xxx.o(.text)
    CAN2_TX_IRQHandler                       0x080071df   Thumb Code     0  startup_stm32f40_41xxx.o(.text)
    CRYP_IRQHandler                          0x080071df   Thumb Code     0  startup_stm32f40_41xxx.o(.text)
    DCMI_IRQHandler                          0x080071df   Thumb Code     0  startup_stm32f40_41xxx.o(.text)
    DMA1_Stream0_IRQHandler                  0x080071df   Thumb Code     0  startup_stm32f40_41xxx.o(.text)
    DMA1_Stream1_IRQHandler                  0x080071df   Thumb Code     0  startup_stm32f40_41xxx.o(.text)
    DMA1_Stream2_IRQHandler                  0x080071df   Thumb Code     0  startup_stm32f40_41xxx.o(.text)
    DMA1_Stream3_IRQHandler                  0x080071df   Thumb Code     0  startup_stm32f40_41xxx.o(.text)
    DMA1_Stream4_IRQHandler                  0x080071df   Thumb Code     0  startup_stm32f40_41xxx.o(.text)
    DMA1_Stream5_IRQHandler                  0x080071df   Thumb Code     0  startup_stm32f40_41xxx.o(.text)
    DMA1_Stream6_IRQHandler                  0x080071df   Thumb Code     0  startup_stm32f40_41xxx.o(.text)
    DMA1_Stream7_IRQHandler                  0x080071df   Thumb Code     0  startup_stm32f40_41xxx.o(.text)
    DMA2_Stream0_IRQHandler                  0x080071df   Thumb Code     0  startup_stm32f40_41xxx.o(.text)
    DMA2_Stream1_IRQHandler                  0x080071df   Thumb Code     0  startup_stm32f40_41xxx.o(.text)
    DMA2_Stream2_IRQHandler                  0x080071df   Thumb Code     0  startup_stm32f40_41xxx.o(.text)
    DMA2_Stream3_IRQHandler                  0x080071df   Thumb Code     0  startup_stm32f40_41xxx.o(.text)
    DMA2_Stream4_IRQHandler                  0x080071df   Thumb Code     0  startup_stm32f40_41xxx.o(.text)
    DMA2_Stream5_IRQHandler                  0x080071df   Thumb Code     0  startup_stm32f40_41xxx.o(.text)
    DMA2_Stream6_IRQHandler                  0x080071df   Thumb Code     0  startup_stm32f40_41xxx.o(.text)
    DMA2_Stream7_IRQHandler                  0x080071df   Thumb Code     0  startup_stm32f40_41xxx.o(.text)
    ETH_IRQHandler                           0x080071df   Thumb Code     0  startup_stm32f40_41xxx.o(.text)
    ETH_WKUP_IRQHandler                      0x080071df   Thumb Code     0  startup_stm32f40_41xxx.o(.text)
    EXTI0_IRQHandler                         0x080071df   Thumb Code     0  startup_stm32f40_41xxx.o(.text)
    EXTI15_10_IRQHandler                     0x080071df   Thumb Code     0  startup_stm32f40_41xxx.o(.text)
    EXTI1_IRQHandler                         0x080071df   Thumb Code     0  startup_stm32f40_41xxx.o(.text)
    EXTI2_IRQHandler                         0x080071df   Thumb Code     0  startup_stm32f40_41xxx.o(.text)
    EXTI3_IRQHandler                         0x080071df   Thumb Code     0  startup_stm32f40_41xxx.o(.text)
    EXTI4_IRQHandler                         0x080071df   Thumb Code     0  startup_stm32f40_41xxx.o(.text)
    EXTI9_5_IRQHandler                       0x080071df   Thumb Code     0  startup_stm32f40_41xxx.o(.text)
    FLASH_IRQHandler                         0x080071df   Thumb Code     0  startup_stm32f40_41xxx.o(.text)
    FPU_IRQHandler                           0x080071df   Thumb Code     0  startup_stm32f40_41xxx.o(.text)
    FSMC_IRQHandler                          0x080071df   Thumb Code     0  startup_stm32f40_41xxx.o(.text)
    HASH_RNG_IRQHandler                      0x080071df   Thumb Code     0  startup_stm32f40_41xxx.o(.text)
    I2C1_ER_IRQHandler                       0x080071df   Thumb Code     0  startup_stm32f40_41xxx.o(.text)
    I2C1_EV_IRQHandler                       0x080071df   Thumb Code     0  startup_stm32f40_41xxx.o(.text)
    I2C2_ER_IRQHandler                       0x080071df   Thumb Code     0  startup_stm32f40_41xxx.o(.text)
    I2C2_EV_IRQHandler                       0x080071df   Thumb Code     0  startup_stm32f40_41xxx.o(.text)
    I2C3_ER_IRQHandler                       0x080071df   Thumb Code     0  startup_stm32f40_41xxx.o(.text)
    I2C3_EV_IRQHandler                       0x080071df   Thumb Code     0  startup_stm32f40_41xxx.o(.text)
    OTG_FS_IRQHandler                        0x080071df   Thumb Code     0  startup_stm32f40_41xxx.o(.text)
    OTG_FS_WKUP_IRQHandler                   0x080071df   Thumb Code     0  startup_stm32f40_41xxx.o(.text)
    OTG_HS_EP1_IN_IRQHandler                 0x080071df   Thumb Code     0  startup_stm32f40_41xxx.o(.text)
    OTG_HS_EP1_OUT_IRQHandler                0x080071df   Thumb Code     0  startup_stm32f40_41xxx.o(.text)
    OTG_HS_IRQHandler                        0x080071df   Thumb Code     0  startup_stm32f40_41xxx.o(.text)
    OTG_HS_WKUP_IRQHandler                   0x080071df   Thumb Code     0  startup_stm32f40_41xxx.o(.text)
    PVD_IRQHandler                           0x080071df   Thumb Code     0  startup_stm32f40_41xxx.o(.text)
    RCC_IRQHandler                           0x080071df   Thumb Code     0  startup_stm32f40_41xxx.o(.text)
    SDIO_IRQHandler                          0x080071df   Thumb Code     0  startup_stm32f40_41xxx.o(.text)
    SPI1_IRQHandler                          0x080071df   Thumb Code     0  startup_stm32f40_41xxx.o(.text)
    SPI2_IRQHandler                          0x080071df   Thumb Code     0  startup_stm32f40_41xxx.o(.text)
    SPI3_IRQHandler                          0x080071df   Thumb Code     0  startup_stm32f40_41xxx.o(.text)
    TAMP_STAMP_IRQHandler                    0x080071df   Thumb Code     0  startup_stm32f40_41xxx.o(.text)
    TIM1_BRK_TIM9_IRQHandler                 0x080071df   Thumb Code     0  startup_stm32f40_41xxx.o(.text)
    TIM1_CC_IRQHandler                       0x080071df   Thumb Code     0  startup_stm32f40_41xxx.o(.text)
    TIM1_TRG_COM_TIM11_IRQHandler            0x080071df   Thumb Code     0  startup_stm32f40_41xxx.o(.text)
    TIM1_UP_TIM10_IRQHandler                 0x080071df   Thumb Code     0  startup_stm32f40_41xxx.o(.text)
    TIM2_IRQHandler                          0x080071df   Thumb Code     0  startup_stm32f40_41xxx.o(.text)
    TIM3_IRQHandler                          0x080071df   Thumb Code     0  startup_stm32f40_41xxx.o(.text)
    TIM4_IRQHandler                          0x080071df   Thumb Code     0  startup_stm32f40_41xxx.o(.text)
    TIM5_IRQHandler                          0x080071df   Thumb Code     0  startup_stm32f40_41xxx.o(.text)
    TIM6_DAC_IRQHandler                      0x080071df   Thumb Code     0  startup_stm32f40_41xxx.o(.text)
    TIM7_IRQHandler                          0x080071df   Thumb Code     0  startup_stm32f40_41xxx.o(.text)
    TIM8_BRK_TIM12_IRQHandler                0x080071df   Thumb Code     0  startup_stm32f40_41xxx.o(.text)
    TIM8_CC_IRQHandler                       0x080071df   Thumb Code     0  startup_stm32f40_41xxx.o(.text)
    TIM8_TRG_COM_TIM14_IRQHandler            0x080071df   Thumb Code     0  startup_stm32f40_41xxx.o(.text)
    TIM8_UP_TIM13_IRQHandler                 0x080071df   Thumb Code     0  startup_stm32f40_41xxx.o(.text)
    UART4_IRQHandler                         0x080071df   Thumb Code     0  startup_stm32f40_41xxx.o(.text)
    UART5_IRQHandler                         0x080071df   Thumb Code     0  startup_stm32f40_41xxx.o(.text)
    USART2_IRQHandler                        0x080071df   Thumb Code     0  startup_stm32f40_41xxx.o(.text)
    USART3_IRQHandler                        0x080071df   Thumb Code     0  startup_stm32f40_41xxx.o(.text)
    USART6_IRQHandler                        0x080071df   Thumb Code     0  startup_stm32f40_41xxx.o(.text)
    WWDG_IRQHandler                          0x080071df   Thumb Code     0  startup_stm32f40_41xxx.o(.text)
    __user_initial_stackheap                 0x080071e1   Thumb Code     0  startup_stm32f40_41xxx.o(.text)
    NVIC_PriorityGroupConfig                 0x08007205   Thumb Code    10  misc.o(.text)
    NVIC_Init                                0x0800720f   Thumb Code   106  misc.o(.text)
    NVIC_SetVectorTable                      0x08007279   Thumb Code    14  misc.o(.text)
    NVIC_SystemLPConfig                      0x08007287   Thumb Code    34  misc.o(.text)
    SysTick_CLKSourceConfig                  0x080072a9   Thumb Code    40  misc.o(.text)
    GPIO_DeInit                              0x080072e5   Thumb Code   268  stm32f4xx_gpio.o(.text)
    GPIO_Init                                0x080073f1   Thumb Code   144  stm32f4xx_gpio.o(.text)
    GPIO_StructInit                          0x08007481   Thumb Code    18  stm32f4xx_gpio.o(.text)
    GPIO_PinLockConfig                       0x08007493   Thumb Code    34  stm32f4xx_gpio.o(.text)
    GPIO_ReadInputDataBit                    0x080074b5   Thumb Code    18  stm32f4xx_gpio.o(.text)
    GPIO_ReadInputData                       0x080074c7   Thumb Code     8  stm32f4xx_gpio.o(.text)
    GPIO_ReadOutputDataBit                   0x080074cf   Thumb Code    18  stm32f4xx_gpio.o(.text)
    GPIO_ReadOutputData                      0x080074e1   Thumb Code     8  stm32f4xx_gpio.o(.text)
    GPIO_SetBits                             0x080074e9   Thumb Code     4  stm32f4xx_gpio.o(.text)
    GPIO_ResetBits                           0x080074ed   Thumb Code     4  stm32f4xx_gpio.o(.text)
    GPIO_WriteBit                            0x080074f1   Thumb Code    10  stm32f4xx_gpio.o(.text)
    GPIO_Write                               0x080074fb   Thumb Code     4  stm32f4xx_gpio.o(.text)
    GPIO_ToggleBits                          0x080074ff   Thumb Code     8  stm32f4xx_gpio.o(.text)
    GPIO_PinAFConfig                         0x08007507   Thumb Code    70  stm32f4xx_gpio.o(.text)
    FSMC_NORSRAMDeInit                       0x08007579   Thumb Code    54  stm32f4xx_fsmc.o(.text)
    FSMC_NORSRAMInit                         0x080075af   Thumb Code   230  stm32f4xx_fsmc.o(.text)
    FSMC_NORSRAMStructInit                   0x08007695   Thumb Code    48  stm32f4xx_fsmc.o(.text)
    FSMC_NORSRAMCmd                          0x080076c5   Thumb Code    46  stm32f4xx_fsmc.o(.text)
    FSMC_NANDDeInit                          0x080076f3   Thumb Code    62  stm32f4xx_fsmc.o(.text)
    FSMC_NANDInit                            0x08007731   Thumb Code   132  stm32f4xx_fsmc.o(.text)
    FSMC_NANDStructInit                      0x080077b5   Thumb Code    54  stm32f4xx_fsmc.o(.text)
    FSMC_NANDCmd                             0x080077eb   Thumb Code    86  stm32f4xx_fsmc.o(.text)
    FSMC_NANDECCCmd                          0x08007841   Thumb Code    86  stm32f4xx_fsmc.o(.text)
    FSMC_GetECC                              0x08007897   Thumb Code    24  stm32f4xx_fsmc.o(.text)
    FSMC_PCCARDDeInit                        0x080078af   Thumb Code    36  stm32f4xx_fsmc.o(.text)
    FSMC_PCCARDInit                          0x080078d3   Thumb Code   130  stm32f4xx_fsmc.o(.text)
    FSMC_PCCARDStructInit                    0x08007955   Thumb Code    60  stm32f4xx_fsmc.o(.text)
    FSMC_PCCARDCmd                           0x08007991   Thumb Code    44  stm32f4xx_fsmc.o(.text)
    FSMC_ITConfig                            0x080079bd   Thumb Code   128  stm32f4xx_fsmc.o(.text)
    FSMC_GetFlagStatus                       0x08007a3d   Thumb Code    54  stm32f4xx_fsmc.o(.text)
    FSMC_ClearFlag                           0x08007a73   Thumb Code    74  stm32f4xx_fsmc.o(.text)
    FSMC_GetITStatus                         0x08007abd   Thumb Code    62  stm32f4xx_fsmc.o(.text)
    FSMC_ClearITPendingBit                   0x08007afb   Thumb Code    66  stm32f4xx_fsmc.o(.text)
    RCC_DeInit                               0x08007b41   Thumb Code    82  stm32f4xx_rcc.o(.text)
    RCC_HSEConfig                            0x08007b93   Thumb Code    14  stm32f4xx_rcc.o(.text)
    RCC_GetFlagStatus                        0x08007ba1   Thumb Code    60  stm32f4xx_rcc.o(.text)
    RCC_WaitForHSEStartUp                    0x08007bdd   Thumb Code    56  stm32f4xx_rcc.o(.text)
    RCC_AdjustHSICalibrationValue            0x08007c15   Thumb Code    20  stm32f4xx_rcc.o(.text)
    RCC_HSICmd                               0x08007c29   Thumb Code     6  stm32f4xx_rcc.o(.text)
    RCC_LSEConfig                            0x08007c2f   Thumb Code    46  stm32f4xx_rcc.o(.text)
    RCC_LSICmd                               0x08007c5d   Thumb Code     6  stm32f4xx_rcc.o(.text)
    RCC_PLLConfig                            0x08007c63   Thumb Code    32  stm32f4xx_rcc.o(.text)
    RCC_PLLCmd                               0x08007c83   Thumb Code     6  stm32f4xx_rcc.o(.text)
    RCC_PLLI2SConfig                         0x08007c89   Thumb Code    14  stm32f4xx_rcc.o(.text)
    RCC_PLLI2SCmd                            0x08007c97   Thumb Code     6  stm32f4xx_rcc.o(.text)
    RCC_PLLSAIConfig                         0x08007c9d   Thumb Code    20  stm32f4xx_rcc.o(.text)
    RCC_PLLSAICmd                            0x08007cb1   Thumb Code     6  stm32f4xx_rcc.o(.text)
    RCC_ClockSecuritySystemCmd               0x08007cb7   Thumb Code     6  stm32f4xx_rcc.o(.text)
    RCC_MCO1Config                           0x08007cbd   Thumb Code    28  stm32f4xx_rcc.o(.text)
    RCC_MCO2Config                           0x08007cd9   Thumb Code    28  stm32f4xx_rcc.o(.text)
    RCC_SYSCLKConfig                         0x08007cf5   Thumb Code    20  stm32f4xx_rcc.o(.text)
    RCC_GetSYSCLKSource                      0x08007d09   Thumb Code    12  stm32f4xx_rcc.o(.text)
    RCC_HCLKConfig                           0x08007d15   Thumb Code    20  stm32f4xx_rcc.o(.text)
    RCC_PCLK1Config                          0x08007d29   Thumb Code    20  stm32f4xx_rcc.o(.text)
    RCC_PCLK2Config                          0x08007d3d   Thumb Code    22  stm32f4xx_rcc.o(.text)
    RCC_GetClocksFreq                        0x08007d53   Thumb Code   222  stm32f4xx_rcc.o(.text)
    RCC_RTCCLKConfig                         0x08007e31   Thumb Code    54  stm32f4xx_rcc.o(.text)
    RCC_RTCCLKCmd                            0x08007e67   Thumb Code     8  stm32f4xx_rcc.o(.text)
    RCC_BackupResetCmd                       0x08007e6f   Thumb Code     8  stm32f4xx_rcc.o(.text)
    RCC_I2SCLKConfig                         0x08007e77   Thumb Code     6  stm32f4xx_rcc.o(.text)
    RCC_SAIPLLI2SClkDivConfig                0x08007e7d   Thumb Code    26  stm32f4xx_rcc.o(.text)
    RCC_SAIPLLSAIClkDivConfig                0x08007e97   Thumb Code    28  stm32f4xx_rcc.o(.text)
    RCC_SAIBlockACLKConfig                   0x08007eb3   Thumb Code    20  stm32f4xx_rcc.o(.text)
    RCC_SAIBlockBCLKConfig                   0x08007ec7   Thumb Code    20  stm32f4xx_rcc.o(.text)
    RCC_LTDCCLKDivConfig                     0x08007edb   Thumb Code    20  stm32f4xx_rcc.o(.text)
    RCC_TIMCLKPresConfig                     0x08007eef   Thumb Code     6  stm32f4xx_rcc.o(.text)
    RCC_AHB1PeriphClockCmd                   0x08007ef5   Thumb Code    34  stm32f4xx_rcc.o(.text)
    RCC_AHB2PeriphClockCmd                   0x08007f17   Thumb Code    78  stm32f4xx_rcc.o(.text)
    RCC_AHB3PeriphClockCmd                   0x08007f65   Thumb Code    34  stm32f4xx_rcc.o(.text)
    RCC_APB1PeriphClockCmd                   0x08007f87   Thumb Code    34  stm32f4xx_rcc.o(.text)
    RCC_APB2PeriphClockCmd                   0x08007fa9   Thumb Code    34  stm32f4xx_rcc.o(.text)
    RCC_AHB1PeriphResetCmd                   0x08007fcb   Thumb Code    34  stm32f4xx_rcc.o(.text)
    RCC_AHB2PeriphResetCmd                   0x08007fed   Thumb Code    34  stm32f4xx_rcc.o(.text)
    RCC_AHB3PeriphResetCmd                   0x0800800f   Thumb Code    34  stm32f4xx_rcc.o(.text)
    RCC_APB1PeriphResetCmd                   0x08008031   Thumb Code    34  stm32f4xx_rcc.o(.text)
    RCC_APB2PeriphResetCmd                   0x08008053   Thumb Code    34  stm32f4xx_rcc.o(.text)
    RCC_AHB1PeriphClockLPModeCmd             0x08008075   Thumb Code    34  stm32f4xx_rcc.o(.text)
    RCC_AHB2PeriphClockLPModeCmd             0x08008097   Thumb Code    34  stm32f4xx_rcc.o(.text)
    RCC_AHB3PeriphClockLPModeCmd             0x080080b9   Thumb Code    34  stm32f4xx_rcc.o(.text)
    RCC_APB1PeriphClockLPModeCmd             0x080080db   Thumb Code    34  stm32f4xx_rcc.o(.text)
    RCC_APB2PeriphClockLPModeCmd             0x080080fd   Thumb Code    34  stm32f4xx_rcc.o(.text)
    RCC_LSEModeConfig                        0x0800811f   Thumb Code    40  stm32f4xx_rcc.o(.text)
    RCC_ITConfig                             0x08008147   Thumb Code    34  stm32f4xx_rcc.o(.text)
    RCC_ClearFlag                            0x08008169   Thumb Code    18  stm32f4xx_rcc.o(.text)
    RCC_GetITStatus                          0x0800817b   Thumb Code    22  stm32f4xx_rcc.o(.text)
    RCC_ClearITPendingBit                    0x08008191   Thumb Code     8  stm32f4xx_rcc.o(.text)
    USART_DeInit                             0x0800819d   Thumb Code   206  stm32f4xx_usart.o(.text)
    USART_Init                               0x0800826b   Thumb Code   204  stm32f4xx_usart.o(.text)
    USART_StructInit                         0x08008337   Thumb Code    24  stm32f4xx_usart.o(.text)
    USART_ClockInit                          0x0800834f   Thumb Code    32  stm32f4xx_usart.o(.text)
    USART_ClockStructInit                    0x0800836f   Thumb Code    12  stm32f4xx_usart.o(.text)
    USART_Cmd                                0x0800837b   Thumb Code    24  stm32f4xx_usart.o(.text)
    USART_SetPrescaler                       0x08008393   Thumb Code    16  stm32f4xx_usart.o(.text)
    USART_OverSampling8Cmd                   0x080083a3   Thumb Code    22  stm32f4xx_usart.o(.text)
    USART_OneBitMethodCmd                    0x080083b9   Thumb Code    24  stm32f4xx_usart.o(.text)
    USART_SendData                           0x080083d1   Thumb Code     8  stm32f4xx_usart.o(.text)
    USART_ReceiveData                        0x080083d9   Thumb Code    10  stm32f4xx_usart.o(.text)
    USART_SetAddress                         0x080083e3   Thumb Code    18  stm32f4xx_usart.o(.text)
    USART_ReceiverWakeUpCmd                  0x080083f5   Thumb Code    24  stm32f4xx_usart.o(.text)
    USART_WakeUpConfig                       0x0800840d   Thumb Code    18  stm32f4xx_usart.o(.text)
    USART_LINBreakDetectLengthConfig         0x0800841f   Thumb Code    18  stm32f4xx_usart.o(.text)
    USART_LINCmd                             0x08008431   Thumb Code    24  stm32f4xx_usart.o(.text)
    USART_SendBreak                          0x08008449   Thumb Code    10  stm32f4xx_usart.o(.text)
    USART_HalfDuplexCmd                      0x08008453   Thumb Code    24  stm32f4xx_usart.o(.text)
    USART_SetGuardTime                       0x0800846b   Thumb Code    16  stm32f4xx_usart.o(.text)
    USART_SmartCardCmd                       0x0800847b   Thumb Code    24  stm32f4xx_usart.o(.text)
    USART_SmartCardNACKCmd                   0x08008493   Thumb Code    24  stm32f4xx_usart.o(.text)
    USART_IrDAConfig                         0x080084ab   Thumb Code    18  stm32f4xx_usart.o(.text)
    USART_IrDACmd                            0x080084bd   Thumb Code    24  stm32f4xx_usart.o(.text)
    USART_DMACmd                             0x080084d5   Thumb Code    18  stm32f4xx_usart.o(.text)
    USART_ITConfig                           0x080084e7   Thumb Code    74  stm32f4xx_usart.o(.text)
    USART_GetFlagStatus                      0x08008531   Thumb Code    26  stm32f4xx_usart.o(.text)
    USART_ClearFlag                          0x0800854b   Thumb Code    18  stm32f4xx_usart.o(.text)
    USART_GetITStatus                        0x0800855d   Thumb Code   118  stm32f4xx_usart.o(.text)
    USART_ClearITPendingBit                  0x080085d3   Thumb Code    30  stm32f4xx_usart.o(.text)
    TIM_DeInit                               0x080085f1   Thumb Code   346  stm32f4xx_tim.o(.text)
    TIM_TimeBaseInit                         0x0800874b   Thumb Code   104  stm32f4xx_tim.o(.text)
    TIM_TimeBaseStructInit                   0x080087b3   Thumb Code    18  stm32f4xx_tim.o(.text)
    TIM_PrescalerConfig                      0x080087c5   Thumb Code     6  stm32f4xx_tim.o(.text)
    TIM_CounterModeConfig                    0x080087cb   Thumb Code    18  stm32f4xx_tim.o(.text)
    TIM_SetCounter                           0x080087dd   Thumb Code     4  stm32f4xx_tim.o(.text)
    TIM_SetAutoreload                        0x080087e1   Thumb Code     4  stm32f4xx_tim.o(.text)
    TIM_GetCounter                           0x080087e5   Thumb Code     6  stm32f4xx_tim.o(.text)
    TIM_GetPrescaler                         0x080087eb   Thumb Code     6  stm32f4xx_tim.o(.text)
    TIM_UpdateDisableConfig                  0x080087f1   Thumb Code    24  stm32f4xx_tim.o(.text)
    TIM_UpdateRequestConfig                  0x08008809   Thumb Code    24  stm32f4xx_tim.o(.text)
    TIM_ARRPreloadConfig                     0x08008821   Thumb Code    24  stm32f4xx_tim.o(.text)
    TIM_SelectOnePulseMode                   0x08008839   Thumb Code    18  stm32f4xx_tim.o(.text)
    TIM_SetClockDivision                     0x0800884b   Thumb Code    18  stm32f4xx_tim.o(.text)
    TIM_Cmd                                  0x0800885d   Thumb Code    24  stm32f4xx_tim.o(.text)
    TIM_OC1Init                              0x08008875   Thumb Code   114  stm32f4xx_tim.o(.text)
    TIM_OC2Init                              0x080088e7   Thumb Code   154  stm32f4xx_tim.o(.text)
    TIM_OC3Init                              0x08008981   Thumb Code   204  stm32f4xx_tim.o(.text)
    TIM_OC4Init                              0x08008a4d   Thumb Code   112  stm32f4xx_tim.o(.text)
    TIM_OCStructInit                         0x08008abd   Thumb Code    20  stm32f4xx_tim.o(.text)
    TIM_SelectOCxM                           0x08008ad1   Thumb Code    86  stm32f4xx_tim.o(.text)
    TIM_SetCompare1                          0x08008b27   Thumb Code     4  stm32f4xx_tim.o(.text)
    TIM_SetCompare2                          0x08008b2b   Thumb Code     4  stm32f4xx_tim.o(.text)
    TIM_SetCompare3                          0x08008b2f   Thumb Code     4  stm32f4xx_tim.o(.text)
    TIM_SetCompare4                          0x08008b33   Thumb Code     4  stm32f4xx_tim.o(.text)
    TIM_ForcedOC1Config                      0x08008b37   Thumb Code    18  stm32f4xx_tim.o(.text)
    TIM_ForcedOC2Config                      0x08008b49   Thumb Code    26  stm32f4xx_tim.o(.text)
    TIM_ForcedOC3Config                      0x08008b63   Thumb Code    18  stm32f4xx_tim.o(.text)
    TIM_ForcedOC4Config                      0x08008b75   Thumb Code    26  stm32f4xx_tim.o(.text)
    TIM_OC1PreloadConfig                     0x08008b8f   Thumb Code    18  stm32f4xx_tim.o(.text)
    TIM_OC2PreloadConfig                     0x08008ba1   Thumb Code    26  stm32f4xx_tim.o(.text)
    TIM_OC3PreloadConfig                     0x08008bbb   Thumb Code    18  stm32f4xx_tim.o(.text)
    TIM_OC4PreloadConfig                     0x08008bcd   Thumb Code    26  stm32f4xx_tim.o(.text)
    TIM_OC1FastConfig                        0x08008be7   Thumb Code    18  stm32f4xx_tim.o(.text)
    TIM_OC2FastConfig                        0x08008bf9   Thumb Code    26  stm32f4xx_tim.o(.text)
    TIM_OC3FastConfig                        0x08008c13   Thumb Code    18  stm32f4xx_tim.o(.text)
    TIM_OC4FastConfig                        0x08008c25   Thumb Code    26  stm32f4xx_tim.o(.text)
    TIM_ClearOC1Ref                          0x08008c3f   Thumb Code    18  stm32f4xx_tim.o(.text)
    TIM_ClearOC2Ref                          0x08008c51   Thumb Code    24  stm32f4xx_tim.o(.text)
    TIM_ClearOC3Ref                          0x08008c69   Thumb Code    18  stm32f4xx_tim.o(.text)
    TIM_ClearOC4Ref                          0x08008c7b   Thumb Code    24  stm32f4xx_tim.o(.text)
    TIM_OC1PolarityConfig                    0x08008c93   Thumb Code    18  stm32f4xx_tim.o(.text)
    TIM_OC1NPolarityConfig                   0x08008ca5   Thumb Code    18  stm32f4xx_tim.o(.text)
    TIM_OC2PolarityConfig                    0x08008cb7   Thumb Code    26  stm32f4xx_tim.o(.text)
    TIM_OC2NPolarityConfig                   0x08008cd1   Thumb Code    26  stm32f4xx_tim.o(.text)
    TIM_OC3PolarityConfig                    0x08008ceb   Thumb Code    26  stm32f4xx_tim.o(.text)
    TIM_OC3NPolarityConfig                   0x08008d05   Thumb Code    26  stm32f4xx_tim.o(.text)
    TIM_OC4PolarityConfig                    0x08008d1f   Thumb Code    26  stm32f4xx_tim.o(.text)
    TIM_CCxCmd                               0x08008d39   Thumb Code    30  stm32f4xx_tim.o(.text)
    TIM_CCxNCmd                              0x08008d57   Thumb Code    30  stm32f4xx_tim.o(.text)
    TIM_SetIC4Prescaler                      0x08008d75   Thumb Code    26  stm32f4xx_tim.o(.text)
    TIM_SetIC3Prescaler                      0x08008ddf   Thumb Code    18  stm32f4xx_tim.o(.text)
    TIM_SetIC2Prescaler                      0x08008e39   Thumb Code    26  stm32f4xx_tim.o(.text)
    TIM_SetIC1Prescaler                      0x08008ead   Thumb Code    18  stm32f4xx_tim.o(.text)
    TIM_ICInit                               0x08008ef9   Thumb Code   110  stm32f4xx_tim.o(.text)
    TIM_ICStructInit                         0x08008f67   Thumb Code    18  stm32f4xx_tim.o(.text)
    TIM_PWMIConfig                           0x08008f79   Thumb Code   124  stm32f4xx_tim.o(.text)
    TIM_GetCapture1                          0x08008ff5   Thumb Code     6  stm32f4xx_tim.o(.text)
    TIM_GetCapture2                          0x08008ffb   Thumb Code     6  stm32f4xx_tim.o(.text)
    TIM_GetCapture3                          0x08009001   Thumb Code     6  stm32f4xx_tim.o(.text)
    TIM_GetCapture4                          0x08009007   Thumb Code     6  stm32f4xx_tim.o(.text)
    TIM_BDTRConfig                           0x0800900d   Thumb Code    32  stm32f4xx_tim.o(.text)
    TIM_BDTRStructInit                       0x0800902d   Thumb Code    18  stm32f4xx_tim.o(.text)
    TIM_CtrlPWMOutputs                       0x0800903f   Thumb Code    30  stm32f4xx_tim.o(.text)
    TIM_SelectCOM                            0x0800905d   Thumb Code    24  stm32f4xx_tim.o(.text)
    TIM_CCPreloadControl                     0x08009075   Thumb Code    24  stm32f4xx_tim.o(.text)
    TIM_ITConfig                             0x0800908d   Thumb Code    18  stm32f4xx_tim.o(.text)
    TIM_GenerateEvent                        0x0800909f   Thumb Code     4  stm32f4xx_tim.o(.text)
    TIM_GetFlagStatus                        0x080090a3   Thumb Code    18  stm32f4xx_tim.o(.text)
    TIM_ClearFlag                            0x080090b5   Thumb Code     6  stm32f4xx_tim.o(.text)
    TIM_GetITStatus                          0x080090bb   Thumb Code    34  stm32f4xx_tim.o(.text)
    TIM_ClearITPendingBit                    0x080090dd   Thumb Code     6  stm32f4xx_tim.o(.text)
    TIM_DMAConfig                            0x080090e3   Thumb Code    10  stm32f4xx_tim.o(.text)
    TIM_DMACmd                               0x080090ed   Thumb Code    18  stm32f4xx_tim.o(.text)
    TIM_SelectCCDMA                          0x080090ff   Thumb Code    24  stm32f4xx_tim.o(.text)
    TIM_InternalClockConfig                  0x08009117   Thumb Code    12  stm32f4xx_tim.o(.text)
    TIM_SelectInputTrigger                   0x08009123   Thumb Code    18  stm32f4xx_tim.o(.text)
    TIM_ITRxExternalClockConfig              0x08009135   Thumb Code    24  stm32f4xx_tim.o(.text)
    TIM_TIxExternalClockConfig               0x0800914d   Thumb Code    62  stm32f4xx_tim.o(.text)
    TIM_ETRConfig                            0x0800918b   Thumb Code    28  stm32f4xx_tim.o(.text)
    TIM_ETRClockMode1Config                  0x080091a7   Thumb Code    54  stm32f4xx_tim.o(.text)
    TIM_ETRClockMode2Config                  0x080091dd   Thumb Code    32  stm32f4xx_tim.o(.text)
    TIM_SelectOutputTrigger                  0x080091fd   Thumb Code    18  stm32f4xx_tim.o(.text)
    TIM_SelectSlaveMode                      0x0800920f   Thumb Code    18  stm32f4xx_tim.o(.text)
    TIM_SelectMasterSlaveMode                0x08009221   Thumb Code    18  stm32f4xx_tim.o(.text)
    TIM_EncoderInterfaceConfig               0x08009233   Thumb Code    66  stm32f4xx_tim.o(.text)
    TIM_SelectHallSensor                     0x08009275   Thumb Code    24  stm32f4xx_tim.o(.text)
    TIM_RemapConfig                          0x0800928d   Thumb Code     6  stm32f4xx_tim.o(.text)
    ADC_DeInit                               0x08009295   Thumb Code    22  stm32f4xx_adc.o(.text)
    ADC_Init                                 0x080092ab   Thumb Code    74  stm32f4xx_adc.o(.text)
    ADC_StructInit                           0x080092f5   Thumb Code    20  stm32f4xx_adc.o(.text)
    ADC_CommonInit                           0x08009309   Thumb Code    34  stm32f4xx_adc.o(.text)
    ADC_CommonStructInit                     0x0800932b   Thumb Code    12  stm32f4xx_adc.o(.text)
    ADC_Cmd                                  0x08009337   Thumb Code    22  stm32f4xx_adc.o(.text)
    ADC_AnalogWatchdogCmd                    0x0800934d   Thumb Code    16  stm32f4xx_adc.o(.text)
    ADC_AnalogWatchdogThresholdsConfig       0x0800935d   Thumb Code     6  stm32f4xx_adc.o(.text)
    ADC_AnalogWatchdogSingleChannelConfig    0x08009363   Thumb Code    16  stm32f4xx_adc.o(.text)
    ADC_TempSensorVrefintCmd                 0x08009373   Thumb Code    34  stm32f4xx_adc.o(.text)
    ADC_VBATCmd                              0x08009395   Thumb Code    34  stm32f4xx_adc.o(.text)
    ADC_RegularChannelConfig                 0x080093b7   Thumb Code   184  stm32f4xx_adc.o(.text)
    ADC_SoftwareStartConv                    0x0800946f   Thumb Code    10  stm32f4xx_adc.o(.text)
    ADC_GetSoftwareStartConvStatus           0x08009479   Thumb Code    20  stm32f4xx_adc.o(.text)
    ADC_EOCOnEachRegularChannelCmd           0x0800948d   Thumb Code    22  stm32f4xx_adc.o(.text)
    ADC_ContinuousModeCmd                    0x080094a3   Thumb Code    22  stm32f4xx_adc.o(.text)
    ADC_DiscModeChannelCountConfig           0x080094b9   Thumb Code    24  stm32f4xx_adc.o(.text)
    ADC_DiscModeCmd                          0x080094d1   Thumb Code    22  stm32f4xx_adc.o(.text)
    ADC_GetConversionValue                   0x080094e7   Thumb Code     8  stm32f4xx_adc.o(.text)
    ADC_GetMultiModeConversionValue          0x080094ef   Thumb Code     8  stm32f4xx_adc.o(.text)
    ADC_DMACmd                               0x080094f7   Thumb Code    22  stm32f4xx_adc.o(.text)
    ADC_DMARequestAfterLastTransferCmd       0x0800950d   Thumb Code    22  stm32f4xx_adc.o(.text)
    ADC_MultiModeDMARequestAfterLastTransferCmd 0x08009523   Thumb Code    34  stm32f4xx_adc.o(.text)
    ADC_InjectedChannelConfig                0x08009545   Thumb Code   130  stm32f4xx_adc.o(.text)
    ADC_InjectedSequencerLengthConfig        0x080095c7   Thumb Code    24  stm32f4xx_adc.o(.text)
    ADC_SetInjectedOffset                    0x080095df   Thumb Code    20  stm32f4xx_adc.o(.text)
    ADC_ExternalTrigInjectedConvConfig       0x080095f3   Thumb Code    16  stm32f4xx_adc.o(.text)
    ADC_ExternalTrigInjectedConvEdgeConfig   0x08009603   Thumb Code    16  stm32f4xx_adc.o(.text)
    ADC_SoftwareStartInjectedConv            0x08009613   Thumb Code    10  stm32f4xx_adc.o(.text)
    ADC_GetSoftwareStartInjectedConvCmdStatus 0x0800961d   Thumb Code    20  stm32f4xx_adc.o(.text)
    ADC_AutoInjectedConvCmd                  0x08009631   Thumb Code    22  stm32f4xx_adc.o(.text)
    ADC_InjectedDiscModeCmd                  0x08009647   Thumb Code    22  stm32f4xx_adc.o(.text)
    ADC_GetInjectedConversionValue           0x0800965d   Thumb Code    28  stm32f4xx_adc.o(.text)
    ADC_ITConfig                             0x08009679   Thumb Code    56  stm32f4xx_adc.o(.text)
    ADC_GetFlagStatus                        0x080096b1   Thumb Code    18  stm32f4xx_adc.o(.text)
    ADC_ClearFlag                            0x080096c3   Thumb Code     6  stm32f4xx_adc.o(.text)
    ADC_GetITStatus                          0x080096c9   Thumb Code    38  stm32f4xx_adc.o(.text)
    ADC_ClearITPendingBit                    0x080096ef   Thumb Code    10  stm32f4xx_adc.o(.text)
    RTC_WaitForSynchro                       0x080096f9   Thumb Code    92  stm32f4xx_rtc.o(.text)
    RTC_EnterInitMode                        0x08009755   Thumb Code    84  stm32f4xx_rtc.o(.text)
    RTC_DeInit                               0x080097a9   Thumb Code   204  stm32f4xx_rtc.o(.text)
    RTC_ExitInitMode                         0x08009875   Thumb Code    18  stm32f4xx_rtc.o(.text)
    RTC_Init                                 0x08009887   Thumb Code    94  stm32f4xx_rtc.o(.text)
    RTC_StructInit                           0x080098e5   Thumb Code    14  stm32f4xx_rtc.o(.text)
    RTC_WriteProtectionCmd                   0x080098f3   Thumb Code    22  stm32f4xx_rtc.o(.text)
    RTC_RefClockCmd                          0x08009909   Thumb Code    76  stm32f4xx_rtc.o(.text)
    RTC_BypassShadowCmd                      0x08009955   Thumb Code    54  stm32f4xx_rtc.o(.text)
    RTC_SetTime                              0x080099bd   Thumb Code   200  stm32f4xx_rtc.o(.text)
    RTC_TimeStructInit                       0x08009a85   Thumb Code    12  stm32f4xx_rtc.o(.text)
    RTC_GetTime                              0x08009a91   Thumb Code    74  stm32f4xx_rtc.o(.text)
    RTC_GetSubSecond                         0x08009adb   Thumb Code    30  stm32f4xx_rtc.o(.text)
    RTC_SetDate                              0x08009af9   Thumb Code   190  stm32f4xx_rtc.o(.text)
    RTC_DateStructInit                       0x08009bb7   Thumb Code    14  stm32f4xx_rtc.o(.text)
    RTC_GetDate                              0x08009bc5   Thumb Code    70  stm32f4xx_rtc.o(.text)
    RTC_SetAlarm                             0x08009c0b   Thumb Code   230  stm32f4xx_rtc.o(.text)
    RTC_AlarmStructInit                      0x08009cf1   Thumb Code    22  stm32f4xx_rtc.o(.text)
    RTC_GetAlarm                             0x08009d07   Thumb Code   114  stm32f4xx_rtc.o(.text)
    RTC_AlarmCmd                             0x08009d79   Thumb Code   112  stm32f4xx_rtc.o(.text)
    RTC_AlarmSubSecondConfig                 0x08009de9   Thumb Code    46  stm32f4xx_rtc.o(.text)
    RTC_GetAlarmSubSecond                    0x08009e17   Thumb Code    34  stm32f4xx_rtc.o(.text)
    RTC_WakeUpClockConfig                    0x08009e39   Thumb Code    42  stm32f4xx_rtc.o(.text)
    RTC_SetWakeUpCounter                     0x08009e63   Thumb Code    22  stm32f4xx_rtc.o(.text)
    RTC_GetWakeUpCounter                     0x08009e79   Thumb Code    10  stm32f4xx_rtc.o(.text)
    RTC_WakeUpCmd                            0x08009e83   Thumb Code   116  stm32f4xx_rtc.o(.text)
    RTC_DayLightSavingConfig                 0x08009ef7   Thumb Code    50  stm32f4xx_rtc.o(.text)
    RTC_GetStoreOperation                    0x08009f29   Thumb Code    12  stm32f4xx_rtc.o(.text)
    RTC_OutputConfig                         0x08009f35   Thumb Code    60  stm32f4xx_rtc.o(.text)
    RTC_CoarseCalibConfig                    0x08009f71   Thumb Code    52  stm32f4xx_rtc.o(.text)
    RTC_CoarseCalibCmd                       0x08009fa5   Thumb Code    76  stm32f4xx_rtc.o(.text)
    RTC_CalibOutputCmd                       0x08009ff1   Thumb Code    54  stm32f4xx_rtc.o(.text)
    RTC_CalibOutputConfig                    0x0800a027   Thumb Code    42  stm32f4xx_rtc.o(.text)
    RTC_SmoothCalibConfig                    0x0800a051   Thumb Code    90  stm32f4xx_rtc.o(.text)
    RTC_TimeStampCmd                         0x0800a0ab   Thumb Code    54  stm32f4xx_rtc.o(.text)
    RTC_GetTimeStamp                         0x0800a0e1   Thumb Code   144  stm32f4xx_rtc.o(.text)
    RTC_GetTimeStampSubSecond                0x0800a171   Thumb Code     8  stm32f4xx_rtc.o(.text)
    RTC_TamperTriggerConfig                  0x0800a179   Thumb Code    38  stm32f4xx_rtc.o(.text)
    RTC_TamperCmd                            0x0800a19f   Thumb Code    34  stm32f4xx_rtc.o(.text)
    RTC_TamperFilterConfig                   0x0800a1c1   Thumb Code    26  stm32f4xx_rtc.o(.text)
    RTC_TamperSamplingFreqConfig             0x0800a1db   Thumb Code    26  stm32f4xx_rtc.o(.text)
    RTC_TamperPinsPrechargeDuration          0x0800a1f5   Thumb Code    26  stm32f4xx_rtc.o(.text)
    RTC_TimeStampOnTamperDetectionCmd        0x0800a20f   Thumb Code    38  stm32f4xx_rtc.o(.text)
    RTC_TamperPullUpCmd                      0x0800a235   Thumb Code    38  stm32f4xx_rtc.o(.text)
    RTC_WriteBackupRegister                  0x0800a25b   Thumb Code    26  stm32f4xx_rtc.o(.text)
    RTC_ReadBackupRegister                   0x0800a275   Thumb Code    28  stm32f4xx_rtc.o(.text)
    RTC_TamperPinSelection                   0x0800a291   Thumb Code    26  stm32f4xx_rtc.o(.text)
    RTC_TimeStampPinSelection                0x0800a2ab   Thumb Code    26  stm32f4xx_rtc.o(.text)
    RTC_OutputTypeConfig                     0x0800a2c5   Thumb Code    26  stm32f4xx_rtc.o(.text)
    RTC_SynchroShiftConfig                   0x0800a2df   Thumb Code   130  stm32f4xx_rtc.o(.text)
    RTC_ITConfig                             0x0800a361   Thumb Code    94  stm32f4xx_rtc.o(.text)
    RTC_GetFlagStatus                        0x0800a3bf   Thumb Code    34  stm32f4xx_rtc.o(.text)
    RTC_ClearFlag                            0x0800a3e1   Thumb Code    28  stm32f4xx_rtc.o(.text)
    RTC_GetITStatus                          0x0800a3fd   Thumb Code    60  stm32f4xx_rtc.o(.text)
    RTC_ClearITPendingBit                    0x0800a439   Thumb Code    32  stm32f4xx_rtc.o(.text)
    EXTI_DeInit                              0x0800a461   Thumb Code    28  stm32f4xx_exti.o(.text)
    EXTI_Init                                0x0800a47d   Thumb Code   142  stm32f4xx_exti.o(.text)
    EXTI_StructInit                          0x0800a50b   Thumb Code    16  stm32f4xx_exti.o(.text)
    EXTI_GenerateSWInterrupt                 0x0800a51b   Thumb Code    16  stm32f4xx_exti.o(.text)
    EXTI_GetFlagStatus                       0x0800a52b   Thumb Code    22  stm32f4xx_exti.o(.text)
    EXTI_ClearFlag                           0x0800a541   Thumb Code     8  stm32f4xx_exti.o(.text)
    EXTI_GetITStatus                         0x0800a549   Thumb Code    22  stm32f4xx_exti.o(.text)
    EXTI_ClearITPendingBit                   0x0800a55f   Thumb Code     8  stm32f4xx_exti.o(.text)
    PWR_DeInit                               0x0800a571   Thumb Code    22  stm32f4xx_pwr.o(.text)
    PWR_BackupAccessCmd                      0x0800a587   Thumb Code     6  stm32f4xx_pwr.o(.text)
    PWR_PVDLevelConfig                       0x0800a58d   Thumb Code    18  stm32f4xx_pwr.o(.text)
    PWR_PVDCmd                               0x0800a59f   Thumb Code     6  stm32f4xx_pwr.o(.text)
    PWR_WakeUpPinCmd                         0x0800a5a5   Thumb Code     8  stm32f4xx_pwr.o(.text)
    PWR_BackupRegulatorCmd                   0x0800a5ad   Thumb Code     8  stm32f4xx_pwr.o(.text)
    PWR_MainRegulatorModeConfig              0x0800a5b5   Thumb Code    18  stm32f4xx_pwr.o(.text)
    PWR_OverDriveCmd                         0x0800a5c7   Thumb Code     6  stm32f4xx_pwr.o(.text)
    PWR_OverDriveSWCmd                       0x0800a5cd   Thumb Code     6  stm32f4xx_pwr.o(.text)
    PWR_UnderDriveCmd                        0x0800a5d3   Thumb Code    30  stm32f4xx_pwr.o(.text)
    PWR_MainRegulatorLowVoltageCmd           0x0800a5f1   Thumb Code    18  stm32f4xx_pwr.o(.text)
    PWR_LowRegulatorLowVoltageCmd            0x0800a603   Thumb Code    18  stm32f4xx_pwr.o(.text)
    PWR_FlashPowerDownCmd                    0x0800a615   Thumb Code     6  stm32f4xx_pwr.o(.text)
    PWR_EnterSTOPMode                        0x0800a61b   Thumb Code    58  stm32f4xx_pwr.o(.text)
    PWR_EnterUnderDriveSTOPMode              0x0800a655   Thumb Code    58  stm32f4xx_pwr.o(.text)
    PWR_EnterSTANDBYMode                     0x0800a68f   Thumb Code    32  stm32f4xx_pwr.o(.text)
    PWR_GetFlagStatus                        0x0800a6af   Thumb Code    20  stm32f4xx_pwr.o(.text)
    PWR_ClearFlag                            0x0800a6c3   Thumb Code    14  stm32f4xx_pwr.o(.text)
    SPI_I2S_DeInit                           0x0800a6dd   Thumb Code   152  stm32f4xx_spi.o(.text)
    SPI_Init                                 0x0800a775   Thumb Code    60  stm32f4xx_spi.o(.text)
    I2S_Init                                 0x0800a7b1   Thumb Code   396  stm32f4xx_spi.o(.text)
    SPI_StructInit                           0x0800a93d   Thumb Code    24  stm32f4xx_spi.o(.text)
    I2S_StructInit                           0x0800a955   Thumb Code    20  stm32f4xx_spi.o(.text)
    SPI_Cmd                                  0x0800a969   Thumb Code    24  stm32f4xx_spi.o(.text)
    I2S_Cmd                                  0x0800a981   Thumb Code    24  stm32f4xx_spi.o(.text)
    SPI_DataSizeConfig                       0x0800a999   Thumb Code    18  stm32f4xx_spi.o(.text)
    SPI_BiDirectionalLineConfig              0x0800a9ab   Thumb Code    28  stm32f4xx_spi.o(.text)
    SPI_NSSInternalSoftwareConfig            0x0800a9c7   Thumb Code    30  stm32f4xx_spi.o(.text)
    SPI_SSOutputCmd                          0x0800a9e5   Thumb Code    24  stm32f4xx_spi.o(.text)
    SPI_TIModeCmd                            0x0800a9fd   Thumb Code    24  stm32f4xx_spi.o(.text)
    I2S_FullDuplexConfig                     0x0800aa15   Thumb Code    80  stm32f4xx_spi.o(.text)
    SPI_I2S_ReceiveData                      0x0800aa65   Thumb Code     6  stm32f4xx_spi.o(.text)
    SPI_I2S_SendData                         0x0800aa6b   Thumb Code     4  stm32f4xx_spi.o(.text)
    SPI_CalculateCRC                         0x0800aa6f   Thumb Code    24  stm32f4xx_spi.o(.text)
    SPI_TransmitCRC                          0x0800aa87   Thumb Code    10  stm32f4xx_spi.o(.text)
    SPI_GetCRC                               0x0800aa91   Thumb Code    16  stm32f4xx_spi.o(.text)
    SPI_GetCRCPolynomial                     0x0800aaa1   Thumb Code     6  stm32f4xx_spi.o(.text)
    SPI_I2S_DMACmd                           0x0800aaa7   Thumb Code    18  stm32f4xx_spi.o(.text)
    SPI_I2S_ITConfig                         0x0800aab9   Thumb Code    68  stm32f4xx_spi.o(.text)
    SPI_I2S_GetFlagStatus                    0x0800aafd   Thumb Code    18  stm32f4xx_spi.o(.text)
    SPI_I2S_ClearFlag                        0x0800ab0f   Thumb Code     6  stm32f4xx_spi.o(.text)
    SPI_I2S_GetITStatus                      0x0800ab15   Thumb Code    52  stm32f4xx_spi.o(.text)
    SPI_I2S_ClearITPendingBit                0x0800ab49   Thumb Code    20  stm32f4xx_spi.o(.text)
    mymemcpy                                 0x0800ab5d   Thumb Code    26  malloc.o(.text)
    mymemset                                 0x0800ab77   Thumb Code    20  malloc.o(.text)
    my_mem_init                              0x0800ab8b   Thumb Code    54  malloc.o(.text)
    my_mem_perused                           0x0800abc1   Thumb Code    54  malloc.o(.text)
    my_mem_malloc                            0x0800abf7   Thumb Code   154  malloc.o(.text)
    my_mem_free                              0x0800ac91   Thumb Code    94  malloc.o(.text)
    myfree                                   0x0800acef   Thumb Code    32  malloc.o(.text)
    mymalloc                                 0x0800ad0f   Thumb Code    36  malloc.o(.text)
    myrealloc                                0x0800ad33   Thumb Code    68  malloc.o(.text)
    OS_TaskStatStkChk                        0x0800ad89   Thumb Code    54  os_core.o(.text)
    OS_TaskStat                              0x0800adbf   Thumb Code   116  os_core.o(.text)
    OS_TaskIdle                              0x0800ae67   Thumb Code    34  os_core.o(.text)
    OS_MemClr                                0x0800aebd   Thumb Code    18  os_core.o(.text)
    OSInit                                   0x0800afdb   Thumb Code    48  os_core.o(.text)
    OSIntEnter                               0x0800b00b   Thumb Code    28  os_core.o(.text)
    OSIntExit                                0x0800b041   Thumb Code   112  os_core.o(.text)
    OSSchedLock                              0x0800b0b1   Thumb Code    50  os_core.o(.text)
    OS_Sched                                 0x0800b0e3   Thumb Code    88  os_core.o(.text)
    OSSchedUnlock                            0x0800b13b   Thumb Code   238  os_core.o(.text)
    OSStart                                  0x0800b229   Thumb Code    48  os_core.o(.text)
    OSStatInit                               0x0800b259   Thumb Code    62  os_core.o(.text)
    OSTimeTick                               0x0800b297   Thumb Code   210  os_core.o(.text)
    OSVersion                                0x0800b369   Thumb Code     6  os_core.o(.text)
    OS_Dummy                                 0x0800b36f   Thumb Code     2  os_core.o(.text)
    OS_EventTaskRemove                       0x0800b371   Thumb Code    42  os_core.o(.text)
    OS_EventTaskRdy                          0x0800b39b   Thumb Code   114  os_core.o(.text)
    OS_EventTaskWait                         0x0800b40d   Thumb Code   112  os_core.o(.text)
    OS_EventWaitListInit                     0x0800b47d   Thumb Code    28  os_core.o(.text)
    OS_MemCopy                               0x0800b499   Thumb Code    20  os_core.o(.text)
    OS_StrLen                                0x0800b4ad   Thumb Code    20  os_core.o(.text)
    OS_TCBInit                               0x0800b4c1   Thumb Code   280  os_core.o(.text)
    OSFlagAccept                             0x0800b61d   Thumb Code   252  os_flag.o(.text)
    OSFlagCreate                             0x0800b719   Thumb Code    86  os_flag.o(.text)
    OS_FlagUnlink                            0x0800b76f   Thumb Code    36  os_flag.o(.text)
    OSFlagDel                                0x0800b7e5   Thumb Code   214  os_flag.o(.text)
    OSFlagNameGet                            0x0800b8bb   Thumb Code    80  os_flag.o(.text)
    OSFlagNameSet                            0x0800b90b   Thumb Code    66  os_flag.o(.text)
    OSFlagPend                               0x0800b9e5   Thumb Code   614  os_flag.o(.text)
    OSFlagPendGetFlagsRdy                    0x0800bc4b   Thumb Code    26  os_flag.o(.text)
    OSFlagPost                               0x0800bc65   Thumb Code   312  os_flag.o(.text)
    OSFlagQuery                              0x0800bd9d   Thumb Code    48  os_flag.o(.text)
    OS_FlagInit                              0x0800bdcd   Thumb Code    78  os_flag.o(.text)
    OSMboxAccept                             0x0800be29   Thumb Code    38  os_mbox.o(.text)
    OSMboxCreate                             0x0800be4f   Thumb Code    68  os_mbox.o(.text)
    OSMboxDel                                0x0800be93   Thumb Code   200  os_mbox.o(.text)
    OSMboxPend                               0x0800bf5b   Thumb Code   246  os_mbox.o(.text)
    OSMboxPendAbort                          0x0800c051   Thumb Code   128  os_mbox.o(.text)
    OSMboxPost                               0x0800c0d1   Thumb Code    80  os_mbox.o(.text)
    OSMboxPostOpt                            0x0800c121   Thumb Code   120  os_mbox.o(.text)
    OSMboxQuery                              0x0800c199   Thumb Code    76  os_mbox.o(.text)
    OSQAccept                                0x0800c1f5   Thumb Code    88  os_q.o(.text)
    OSQCreate                                0x0800c24d   Thumb Code   140  os_q.o(.text)
    OSQDel                                   0x0800c2d9   Thumb Code   236  os_q.o(.text)
    OSQFlush                                 0x0800c3c5   Thumb Code    36  os_q.o(.text)
    OSQPend                                  0x0800c3e9   Thumb Code   272  os_q.o(.text)
    OSQPendAbort                             0x0800c4f9   Thumb Code   128  os_q.o(.text)
    OSQPost                                  0x0800c579   Thumb Code   114  os_q.o(.text)
    OSQPostFront                             0x0800c5eb   Thumb Code   136  os_q.o(.text)
    OSQPostOpt                               0x0800c673   Thumb Code   182  os_q.o(.text)
    OSQQuery                                 0x0800c729   Thumb Code    98  os_q.o(.text)
    OS_QInit                                 0x0800c78b   Thumb Code    72  os_q.o(.text)
    OSSemAccept                              0x0800c7dd   Thumb Code    42  os_sem.o(.text)
    OSSemCreate                              0x0800c807   Thumb Code    68  os_sem.o(.text)
    OSSemDel                                 0x0800c84b   Thumb Code   200  os_sem.o(.text)
    OSSemPend                                0x0800c913   Thumb Code   222  os_sem.o(.text)
    OSSemPendAbort                           0x0800c9f1   Thumb Code   128  os_sem.o(.text)
    OSSemPost                                0x0800ca71   Thumb Code    88  os_sem.o(.text)
    OSSemQuery                               0x0800cac9   Thumb Code    76  os_sem.o(.text)
    OSSemSet                                 0x0800cb15   Thumb Code    66  os_sem.o(.text)
    OSTaskChangePrio                         0x0800cb69   Thumb Code   308  os_task.o(.text)
    OSTaskCreate                             0x0800cc9d   Thumb Code   148  os_task.o(.text)
    OS_TaskStkClr                            0x0800cd31   Thumb Code    26  os_task.o(.text)
    OSTaskCreateExt                          0x0800cd4b   Thumb Code   170  os_task.o(.text)
    OSTaskDel                                0x0800cdf5   Thumb Code   294  os_task.o(.text)
    OSTaskDelReq                             0x0800cf1b   Thumb Code   144  os_task.o(.text)
    OSTaskNameGet                            0x0800cfab   Thumb Code   114  os_task.o(.text)
    OSTaskNameSet                            0x0800d01d   Thumb Code    98  os_task.o(.text)
    OSTaskResume                             0x0800d07f   Thumb Code   154  os_task.o(.text)
    OSTaskStkChk                             0x0800d119   Thumb Code   132  os_task.o(.text)
    OSTaskSuspend                            0x0800d19d   Thumb Code   152  os_task.o(.text)
    OSTaskQuery                              0x0800d235   Thumb Code    82  os_task.o(.text)
    OSTaskRegGet                             0x0800d287   Thumb Code    60  os_task.o(.text)
    OSTaskRegSet                             0x0800d2c3   Thumb Code    62  os_task.o(.text)
    OS_TaskReturn                            0x0800d301   Thumb Code    18  os_task.o(.text)
    OSTimeDly                                0x0800d32d   Thumb Code   100  os_time.o(.text)
    OSTimeDlyHMSM                            0x0800d391   Thumb Code    86  os_time.o(.text)
    OSTimeDlyResume                          0x0800d3e7   Thumb Code   168  os_time.o(.text)
    OSTimeGet                                0x0800d48f   Thumb Code    24  os_time.o(.text)
    OSTimeSet                                0x0800d4a7   Thumb Code    24  os_time.o(.text)
    OSTmrCreate                              0x0800d50f   Thumb Code    96  os_tmr.o(.text)
    OSTmrDel                                 0x0800d5e7   Thumb Code   124  os_tmr.o(.text)
    OSTmrNameGet                             0x0800d663   Thumb Code   114  os_tmr.o(.text)
    OSTmrRemainGet                           0x0800d6d5   Thumb Code   164  os_tmr.o(.text)
    OSTmrStateGet                            0x0800d779   Thumb Code    86  os_tmr.o(.text)
    OSTmrStart                               0x0800d833   Thumb Code   128  os_tmr.o(.text)
    OSTmrStop                                0x0800d8b3   Thumb Code   210  os_tmr.o(.text)
    OSTmrSignal                              0x0800d985   Thumb Code    16  os_tmr.o(.text)
    OSTmr_Init                               0x0800da39   Thumb Code   152  os_tmr.o(.text)
    OS_CPU_SR_Save                           0x0800db11   Thumb Code     0  os_cpu_a.o(.text)
    OS_CPU_SR_Restore                        0x0800db19   Thumb Code     0  os_cpu_a.o(.text)
    OSStartHighRdy                           0x0800db1f   Thumb Code     0  os_cpu_a.o(.text)
    OSCtxSw                                  0x0800db43   Thumb Code     0  os_cpu_a.o(.text)
    OSIntCtxSw                               0x0800db51   Thumb Code     0  os_cpu_a.o(.text)
    PendSV_Handler                           0x0800db61   Thumb Code     0  os_cpu_a.o(.text)
    OSInitHookBegin                          0x0800dbd9   Thumb Code     8  os_cpu_c.o(.text)
    OSInitHookEnd                            0x0800dbe1   Thumb Code     2  os_cpu_c.o(.text)
    OSTaskCreateHook                         0x0800dbe3   Thumb Code     2  os_cpu_c.o(.text)
    OSTaskDelHook                            0x0800dbe5   Thumb Code     2  os_cpu_c.o(.text)
    OSTaskIdleHook                           0x0800dbe7   Thumb Code     2  os_cpu_c.o(.text)
    OSTaskStatHook                           0x0800dbe9   Thumb Code     2  os_cpu_c.o(.text)
    OSTaskStkInit                            0x0800dbeb   Thumb Code   426  os_cpu_c.o(.text)
    OSTaskSwHook                             0x0800dd95   Thumb Code     2  os_cpu_c.o(.text)
    OSTCBInitHook                            0x0800dd97   Thumb Code     2  os_cpu_c.o(.text)
    OSTimeTickHook                           0x0800dd99   Thumb Code    30  os_cpu_c.o(.text)
    OSTaskReturnHook                         0x0800ddb7   Thumb Code     2  os_cpu_c.o(.text)
    __use_no_semihosting                     0x0800ddc1   Thumb Code     2  use_no_semi_2.o(.text)
    __2printf                                0x0800ddc5   Thumb Code    20  noretval__2printf.o(.text)
    __printf                                 0x0800dddd   Thumb Code   104  __printf.o(.text)
    _printf_int_dec                          0x0800de45   Thumb Code   104  _printf_dec.o(.text)
    _printf_int_hex                          0x0800debd   Thumb Code    84  _printf_hex_int.o(.text)
    _printf_longlong_hex                     0x0800debd   Thumb Code     0  _printf_hex_int.o(.text)
    __use_two_region_memory                  0x0800df15   Thumb Code     2  heapauxi.o(.text)
    __rt_heap_escrow$2region                 0x0800df17   Thumb Code     2  heapauxi.o(.text)
    __rt_heap_expand$2region                 0x0800df19   Thumb Code     2  heapauxi.o(.text)
    __I$use$semihosting                      0x0800df1b   Thumb Code     0  use_no_semi.o(.text)
    __use_no_semihosting_swi                 0x0800df1b   Thumb Code     2  use_no_semi.o(.text)
    _printf_int_common                       0x0800df1d   Thumb Code   178  _printf_intcommon.o(.text)
    _printf_char_file                        0x0800dfd1   Thumb Code    32  _printf_char_file.o(.text)
    _printf_char_common                      0x0800dfff   Thumb Code    32  _printf_char_common.o(.text)
    ferror                                   0x0800e025   Thumb Code     8  ferror.o(.text)
    __user_setup_stackheap                   0x0800e02d   Thumb Code    74  sys_stackheap_outer.o(.text)
    exit                                     0x0800e077   Thumb Code    18  exit.o(.text)
    __user_libspace                          0x0800e089   Thumb Code     8  libspace.o(.text)
    __user_perproc_libspace                  0x0800e089   Thumb Code     0  libspace.o(.text)
    __user_perthread_libspace                0x0800e089   Thumb Code     0  libspace.o(.text)
    __aeabi_d2f                              0x0800e091   Thumb Code     0  d2f.o(x$fpl$d2f)
    _d2f                                     0x0800e091   Thumb Code    98  d2f.o(x$fpl$d2f)
    __aeabi_d2uiz                            0x0800e0f5   Thumb Code     0  dfixu.o(x$fpl$dfixu)
    _dfixu                                   0x0800e0f5   Thumb Code    90  dfixu.o(x$fpl$dfixu)
    __aeabi_ui2d                             0x0800e14f   Thumb Code     0  dflt_clz.o(x$fpl$dfltu)
    _dfltu                                   0x0800e14f   Thumb Code    38  dflt_clz.o(x$fpl$dfltu)
    __aeabi_dmul                             0x0800e175   Thumb Code     0  dmul.o(x$fpl$dmul)
    _dmul                                    0x0800e175   Thumb Code   332  dmul.o(x$fpl$dmul)
    __fpl_dnaninf                            0x0800e2c9   Thumb Code   156  dnaninf.o(x$fpl$dnaninf)
    __fpl_dretinf                            0x0800e365   Thumb Code    12  dretinf.o(x$fpl$dretinf)
    __aeabi_f2d                              0x0800e371   Thumb Code     0  f2d.o(x$fpl$f2d)
    _f2d                                     0x0800e371   Thumb Code    86  f2d.o(x$fpl$f2d)
    __fpl_fnaninf                            0x0800e3c7   Thumb Code   140  fnaninf.o(x$fpl$fnaninf)
    _fp_init                                 0x0800e453   Thumb Code    10  fpinit.o(x$fpl$fpinit)
    __fplib_config_fpu_vfp                   0x0800e45b   Thumb Code     0  fpinit.o(x$fpl$fpinit)
    __fplib_config_pureend_doubles           0x0800e45b   Thumb Code     0  fpinit.o(x$fpl$fpinit)
    __fpl_fretinf                            0x0800e45d   Thumb Code    10  fretinf.o(x$fpl$fretinf)
    __I$use$fp                               0x0800e466   Number         0  usenofp.o(x$fpl$usenofp)
    asc2_1206                                0x0800e466   Data        1140  lcd.o(.constdata)
    asc2_1608                                0x0800e8da   Data        1520  lcd.o(.constdata)
    asc2_2412                                0x0800eeca   Data        3420  lcd.o(.constdata)
    FSMC_DefaultTimingStruct                 0x0800fc28   Data          28  stm32f4xx_fsmc.o(.constdata)
    memtblsize                               0x0800fc44   Data          12  malloc.o(.constdata)
    memblksize                               0x0800fc50   Data          12  malloc.o(.constdata)
    memsize                                  0x0800fc5c   Data          12  malloc.o(.constdata)
    OSUnMapTbl                               0x0800fc68   Data         256  os_core.o(.constdata)
    Region$$Table$$Base                      0x0800fd90   Number         0  anon$$obj.o(Region$$Table)
    Region$$Table$$Limit                     0x0800fdb0   Number         0  anon$$obj.o(Region$$Table)
    mem3base                                 0x10000000   Data       61440  malloc.o(.ARM.__AT_0x10000000)
    mem3mapbase                              0x1000f000   Data        3840  malloc.o(.ARM.__AT_0x1000F000)
    msg_key                                  0x20000000   Data           4  main.o(.data)
    msg_check                                0x20000004   Data           4  main.o(.data)
    q_msg_adc                                0x20000008   Data           4  main.o(.data)
    flags_alarm                              0x2000000c   Data           4  main.o(.data)
    RTC_DateStruct                           0x20000010   Data           4  main.o(.data)
    RTC_TimeStruct                           0x20000014   Data           4  main.o(.data)
    SystemCoreClock                          0x20000078   Data           4  system_stm32f4xx.o(.data)
    AHBPrescTable                            0x2000007c   Data          16  system_stm32f4xx.o(.data)
    POINT_COLOR                              0x2000008c   Data           2  lcd.o(.data)
    BACK_COLOR                               0x2000008e   Data           2  lcd.o(.data)
    tpad_default_val                         0x20000092   Data           2  tpad.o(.data)
    NVIC_InitStructure                       0x20000095   Data           4  rtc.o(.data)
    W25QXX_TYPE                              0x2000009a   Data           2  w25qxx.o(.data)
    __stdout                                 0x200000a0   Data           4  usart.o(.data)
    USART_RX_STA                             0x200000a4   Data           2  usart.o(.data)
    mallco_dev                               0x200000b8   Data          36  malloc.o(.data)
    OSCtxSwCtr                               0x200000dc   Data           4  os_core.o(.data)
    OSEventFreeList                          0x200000e0   Data           4  os_core.o(.data)
    OSFlagFreeList                           0x200000e4   Data           4  os_core.o(.data)
    OSCPUUsage                               0x200000e8   Data           1  os_core.o(.data)
    OSIdleCtrMax                             0x200000ec   Data           4  os_core.o(.data)
    OSIdleCtrRun                             0x200000f0   Data           4  os_core.o(.data)
    OSStatRdy                                0x200000f4   Data           1  os_core.o(.data)
    OSIntNesting                             0x200000f5   Data           1  os_core.o(.data)
    OSLockNesting                            0x200000f6   Data           1  os_core.o(.data)
    OSPrioCur                                0x200000f7   Data           1  os_core.o(.data)
    OSPrioHighRdy                            0x200000f8   Data           1  os_core.o(.data)
    OSRdyGrp                                 0x200000f9   Data           1  os_core.o(.data)
    OSRdyTbl                                 0x200000fa   Data           8  os_core.o(.data)
    OSRunning                                0x20000102   Data           1  os_core.o(.data)
    OSTaskCtr                                0x20000103   Data           1  os_core.o(.data)
    OSIdleCtr                                0x20000104   Data           4  os_core.o(.data)
    OSTCBCur                                 0x20000108   Data           4  os_core.o(.data)
    OSTCBFreeList                            0x2000010c   Data           4  os_core.o(.data)
    OSTCBHighRdy                             0x20000110   Data           4  os_core.o(.data)
    OSTCBList                                0x20000114   Data           4  os_core.o(.data)
    OSTickStepState                          0x20000118   Data           1  os_core.o(.data)
    OSQFreeList                              0x2000011c   Data           4  os_core.o(.data)
    OSTime                                   0x20000120   Data           4  os_core.o(.data)
    OSTmrFree                                0x20000124   Data           2  os_core.o(.data)
    OSTmrUsed                                0x20000126   Data           2  os_core.o(.data)
    OSTmrTime                                0x20000128   Data           4  os_core.o(.data)
    OSTmrSem                                 0x2000012c   Data           4  os_core.o(.data)
    OSTmrSemSignal                           0x20000130   Data           4  os_core.o(.data)
    OSTmrFreeList                            0x20000134   Data           4  os_core.o(.data)
    OSInterrputSum                           0x20000138   Data           4  os_cpu_c.o(.data)
    START_TASK_STK                           0x20000140   Data         256  main.o(.bss)
    RTSHOW_TASK_STK                          0x20000240   Data        2048  main.o(.bss)
    ALARM_TASK_STK                           0x20000a40   Data         256  main.o(.bss)
    MAIN_TASK_STK                            0x20000b40   Data        2048  main.o(.bss)
    MENU_TASK_STK                            0x20001340   Data        2048  main.o(.bss)
    ADC_TASK_STK                             0x20001b40   Data        2048  main.o(.bss)
    KEY_TASK_STK                             0x20002340   Data         256  main.o(.bss)
    MsgGrp                                   0x20002440   Data         400  main.o(.bss)
    lcddev                                   0x200025d0   Data          14  lcd.o(.bss)
    W25QXX_BUFFER                            0x200025de   Data        4096  w25qxx.o(.bss)
    USART_RX_BUF                             0x200035de   Data         200  usart.o(.bss)
    mem1base                                 0x200036c0   Data       102400  malloc.o(.bss)
    mem1mapbase                              0x2001c6c0   Data        6400  malloc.o(.bss)
    OSEventTbl                               0x2001dfc0   Data         200  os_core.o(.bss)
    OSFlagTbl                                0x2001e088   Data          80  os_core.o(.bss)
    OSTaskStatStk                            0x2001e0d8   Data         512  os_core.o(.bss)
    OSTaskIdleStk                            0x2001e2d8   Data         512  os_core.o(.bss)
    OSTCBPrioTbl                             0x2001e4d8   Data         256  os_core.o(.bss)
    OSTCBTbl                                 0x2001e5d8   Data        1008  os_core.o(.bss)
    OSQTbl                                   0x2001e9c8   Data         120  os_core.o(.bss)
    OSTmrTbl                                 0x2001ea40   Data         640  os_core.o(.bss)
    OSTmrTaskStk                             0x2001ecc0   Data         512  os_core.o(.bss)
    OSTmrWheelTbl                            0x2001eec0   Data          64  os_core.o(.bss)
    __libspace_start                         0x2001ef00   Data          96  libspace.o(.bss)
    __temporary_stack_top$libspace           0x2001ef60   Data           0  libspace.o(.bss)
    mem2base                                 0x68000000   Data       983040  malloc.o(.ARM.__AT_0x68000000)
    mem2mapbase                              0x680f0000   Data       61440  malloc.o(.ARM.__AT_0x680F0000)



==============================================================================

Memory Map of the image

  Image Entry point : 0x08000189

  Load Region LR_IROM1 (Base: 0x08000000, Size: 0x0000fef0, Max: 0x00100000, ABSOLUTE, COMPRESSED[0x0000fe4c])

    Execution Region ER_IROM1 (Exec base: 0x08000000, Load base: 0x08000000, Size: 0x0000fdb0, Max: 0x00100000, ABSOLUTE)

    Exec Addr    Load Addr    Size         Type   Attr      Idx    E Section Name        Object

    0x08000000   0x08000000   0x00000188   Data   RO          604    RESET               startup_stm32f40_41xxx.o
    0x08000188   0x08000188   0x00000008   Code   RO         1179  * !!!main             c_w.l(__main.o)
    0x08000190   0x08000190   0x00000034   Code   RO         1374    !!!scatter          c_w.l(__scatter.o)
    0x080001c4   0x080001c4   0x0000005a   Code   RO         1372    !!dczerorl2         c_w.l(__dczerorl2.o)
    0x0800021e   0x0800021e   0x00000002   PAD
    0x08000220   0x08000220   0x0000001c   Code   RO         1376    !!handler_zi        c_w.l(__scatter_zi.o)
    0x0800023c   0x0800023c   0x00000000   Code   RO         1176    .ARM.Collect$$_printf_percent$$00000000  c_w.l(_printf_percent.o)
    0x0800023c   0x0800023c   0x00000006   Code   RO         1175    .ARM.Collect$$_printf_percent$$00000009  c_w.l(_printf_d.o)
    0x08000242   0x08000242   0x00000006   Code   RO         1174    .ARM.Collect$$_printf_percent$$0000000C  c_w.l(_printf_x.o)
    0x08000248   0x08000248   0x00000004   Code   RO         1204    .ARM.Collect$$_printf_percent$$00000017  c_w.l(_printf_percent_end.o)
    0x0800024c   0x0800024c   0x00000002   Code   RO         1246    .ARM.Collect$$libinit$$00000000  c_w.l(libinit.o)
    0x0800024e   0x0800024e   0x00000004   Code   RO         1252    .ARM.Collect$$libinit$$00000001  c_w.l(libinit2.o)
    0x08000252   0x08000252   0x00000000   Code   RO         1255    .ARM.Collect$$libinit$$00000004  c_w.l(libinit2.o)
    0x08000252   0x08000252   0x00000000   Code   RO         1258    .ARM.Collect$$libinit$$0000000A  c_w.l(libinit2.o)
    0x08000252   0x08000252   0x00000000   Code   RO         1260    .ARM.Collect$$libinit$$0000000C  c_w.l(libinit2.o)
    0x08000252   0x08000252   0x00000000   Code   RO         1262    .ARM.Collect$$libinit$$0000000E  c_w.l(libinit2.o)
    0x08000252   0x08000252   0x00000000   Code   RO         1265    .ARM.Collect$$libinit$$00000011  c_w.l(libinit2.o)
    0x08000252   0x08000252   0x00000000   Code   RO         1267    .ARM.Collect$$libinit$$00000013  c_w.l(libinit2.o)
    0x08000252   0x08000252   0x00000000   Code   RO         1269    .ARM.Collect$$libinit$$00000015  c_w.l(libinit2.o)
    0x08000252   0x08000252   0x00000000   Code   RO         1271    .ARM.Collect$$libinit$$00000017  c_w.l(libinit2.o)
    0x08000252   0x08000252   0x00000000   Code   RO         1273    .ARM.Collect$$libinit$$00000019  c_w.l(libinit2.o)
    0x08000252   0x08000252   0x00000000   Code   RO         1275    .ARM.Collect$$libinit$$0000001B  c_w.l(libinit2.o)
    0x08000252   0x08000252   0x00000000   Code   RO         1277    .ARM.Collect$$libinit$$0000001D  c_w.l(libinit2.o)
    0x08000252   0x08000252   0x00000000   Code   RO         1279    .ARM.Collect$$libinit$$0000001F  c_w.l(libinit2.o)
    0x08000252   0x08000252   0x00000000   Code   RO         1281    .ARM.Collect$$libinit$$00000021  c_w.l(libinit2.o)
    0x08000252   0x08000252   0x00000000   Code   RO         1283    .ARM.Collect$$libinit$$00000023  c_w.l(libinit2.o)
    0x08000252   0x08000252   0x00000000   Code   RO         1285    .ARM.Collect$$libinit$$00000025  c_w.l(libinit2.o)
    0x08000252   0x08000252   0x00000000   Code   RO         1289    .ARM.Collect$$libinit$$0000002C  c_w.l(libinit2.o)
    0x08000252   0x08000252   0x00000000   Code   RO         1291    .ARM.Collect$$libinit$$0000002E  c_w.l(libinit2.o)
    0x08000252   0x08000252   0x00000000   Code   RO         1293    .ARM.Collect$$libinit$$00000030  c_w.l(libinit2.o)
    0x08000252   0x08000252   0x00000000   Code   RO         1295    .ARM.Collect$$libinit$$00000032  c_w.l(libinit2.o)
    0x08000252   0x08000252   0x00000002   Code   RO         1296    .ARM.Collect$$libinit$$00000033  c_w.l(libinit2.o)
    0x08000254   0x08000254   0x00000002   Code   RO         1314    .ARM.Collect$$libshutdown$$00000000  c_w.l(libshutdown.o)
    0x08000256   0x08000256   0x00000000   Code   RO         1324    .ARM.Collect$$libshutdown$$00000002  c_w.l(libshutdown2.o)
    0x08000256   0x08000256   0x00000000   Code   RO         1326    .ARM.Collect$$libshutdown$$00000004  c_w.l(libshutdown2.o)
    0x08000256   0x08000256   0x00000000   Code   RO         1329    .ARM.Collect$$libshutdown$$00000007  c_w.l(libshutdown2.o)
    0x08000256   0x08000256   0x00000000   Code   RO         1332    .ARM.Collect$$libshutdown$$0000000A  c_w.l(libshutdown2.o)
    0x08000256   0x08000256   0x00000000   Code   RO         1334    .ARM.Collect$$libshutdown$$0000000C  c_w.l(libshutdown2.o)
    0x08000256   0x08000256   0x00000000   Code   RO         1337    .ARM.Collect$$libshutdown$$0000000F  c_w.l(libshutdown2.o)
    0x08000256   0x08000256   0x00000002   Code   RO         1338    .ARM.Collect$$libshutdown$$00000010  c_w.l(libshutdown2.o)
    0x08000258   0x08000258   0x00000000   Code   RO         1199    .ARM.Collect$$rtentry$$00000000  c_w.l(__rtentry.o)
    0x08000258   0x08000258   0x00000000   Code   RO         1215    .ARM.Collect$$rtentry$$00000002  c_w.l(__rtentry2.o)
    0x08000258   0x08000258   0x00000006   Code   RO         1227    .ARM.Collect$$rtentry$$00000004  c_w.l(__rtentry4.o)
    0x0800025e   0x0800025e   0x00000000   Code   RO         1217    .ARM.Collect$$rtentry$$00000009  c_w.l(__rtentry2.o)
    0x0800025e   0x0800025e   0x00000004   Code   RO         1218    .ARM.Collect$$rtentry$$0000000A  c_w.l(__rtentry2.o)
    0x08000262   0x08000262   0x00000000   Code   RO         1220    .ARM.Collect$$rtentry$$0000000C  c_w.l(__rtentry2.o)
    0x08000262   0x08000262   0x00000008   Code   RO         1221    .ARM.Collect$$rtentry$$0000000D  c_w.l(__rtentry2.o)
    0x0800026a   0x0800026a   0x00000002   Code   RO         1250    .ARM.Collect$$rtexit$$00000000  c_w.l(rtexit.o)
    0x0800026c   0x0800026c   0x00000000   Code   RO         1298    .ARM.Collect$$rtexit$$00000002  c_w.l(rtexit2.o)
    0x0800026c   0x0800026c   0x00000004   Code   RO         1299    .ARM.Collect$$rtexit$$00000003  c_w.l(rtexit2.o)
    0x08000270   0x08000270   0x00000006   Code   RO         1300    .ARM.Collect$$rtexit$$00000004  c_w.l(rtexit2.o)
    0x08000276   0x08000276   0x00000002   PAD
    0x08000278   0x08000278   0x00000e3c   Code   RO            3    .text               main.o
    0x080010b4   0x080010b4   0x00000016   Code   RO          212    .text               stm32f4xx_it.o
    0x080010ca   0x080010ca   0x00000002   PAD
    0x080010cc   0x080010cc   0x00000210   Code   RO          264    .text               system_stm32f4xx.o
    0x080012dc   0x080012dc   0x00000040   Code   RO          290    .text               led.o
    0x0800131c   0x0800131c   0x00004f24   Code   RO          314    .text               lcd.o
    0x08006240   0x08006240   0x00000104   Code   RO          352    .text               key.o
    0x08006344   0x08006344   0x00000280   Code   RO          393    .text               tpad.o
    0x080065c4   0x080065c4   0x0000016c   Code   RO          423    .text               adc.o
    0x08006730   0x08006730   0x00000040   Code   RO          443    .text               beep.o
    0x08006770   0x08006770   0x00000244   Code   RO          463    .text               rtc.o
    0x080069b4   0x080069b4   0x00000118   Code   RO          486    .text               spi.o
    0x08006acc   0x08006acc   0x0000047a   Code   RO          506    .text               w25qxx.o
    0x08006f46   0x08006f46   0x00000002   PAD
    0x08006f48   0x08006f48   0x00000128   Code   RO          533    .text               delay.o
    0x08007070   0x08007070   0x00000154   Code   RO          573    .text               usart.o
    0x080071c4   0x080071c4   0x00000040   Code   RO          605    .text               startup_stm32f40_41xxx.o
    0x08007204   0x08007204   0x000000e0   Code   RO          611    .text               misc.o
    0x080072e4   0x080072e4   0x00000294   Code   RO          631    .text               stm32f4xx_gpio.o
    0x08007578   0x08007578   0x000005c8   Code   RO          651    .text               stm32f4xx_fsmc.o
    0x08007b40   0x08007b40   0x0000065c   Code   RO          674    .text               stm32f4xx_rcc.o
    0x0800819c   0x0800819c   0x00000454   Code   RO          716    .text               stm32f4xx_usart.o
    0x080085f0   0x080085f0   0x00000ca2   Code   RO          736    .text               stm32f4xx_tim.o
    0x08009292   0x08009292   0x00000002   PAD
    0x08009294   0x08009294   0x00000464   Code   RO          756    .text               stm32f4xx_adc.o
    0x080096f8   0x080096f8   0x00000d68   Code   RO          776    .text               stm32f4xx_rtc.o
    0x0800a460   0x0800a460   0x00000110   Code   RO          796    .text               stm32f4xx_exti.o
    0x0800a570   0x0800a570   0x0000016c   Code   RO          816    .text               stm32f4xx_pwr.o
    0x0800a6dc   0x0800a6dc   0x00000480   Code   RO          836    .text               stm32f4xx_spi.o
    0x0800ab5c   0x0800ab5c   0x0000022c   Code   RO          856    .text               malloc.o
    0x0800ad88   0x0800ad88   0x00000894   Code   RO          888    .text               os_core.o
    0x0800b61c   0x0800b61c   0x0000080c   Code   RO          916    .text               os_flag.o
    0x0800be28   0x0800be28   0x000003cc   Code   RO          936    .text               os_mbox.o
    0x0800c1f4   0x0800c1f4   0x000005e8   Code   RO          990    .text               os_q.o
    0x0800c7dc   0x0800c7dc   0x0000038c   Code   RO         1010    .text               os_sem.o
    0x0800cb68   0x0800cb68   0x000007c4   Code   RO         1030    .text               os_task.o
    0x0800d32c   0x0800d32c   0x000001b0   Code   RO         1050    .text               os_time.o
    0x0800d4dc   0x0800d4dc   0x00000634   Code   RO         1070    .text               os_tmr.o
    0x0800db10   0x0800db10   0x000000c8   Code   RO         1088    .text               os_cpu_a.o
    0x0800dbd8   0x0800dbd8   0x000001e8   Code   RO         1093    .text               os_cpu_c.o
    0x0800ddc0   0x0800ddc0   0x00000002   Code   RO         1123    .text               c_w.l(use_no_semi_2.o)
    0x0800ddc2   0x0800ddc2   0x00000002   PAD
    0x0800ddc4   0x0800ddc4   0x00000018   Code   RO         1127    .text               c_w.l(noretval__2printf.o)
    0x0800dddc   0x0800dddc   0x00000068   Code   RO         1129    .text               c_w.l(__printf.o)
    0x0800de44   0x0800de44   0x00000078   Code   RO         1131    .text               c_w.l(_printf_dec.o)
    0x0800debc   0x0800debc   0x00000058   Code   RO         1136    .text               c_w.l(_printf_hex_int.o)
    0x0800df14   0x0800df14   0x00000006   Code   RO         1177    .text               c_w.l(heapauxi.o)
    0x0800df1a   0x0800df1a   0x00000002   Code   RO         1197    .text               c_w.l(use_no_semi.o)
    0x0800df1c   0x0800df1c   0x000000b2   Code   RO         1200    .text               c_w.l(_printf_intcommon.o)
    0x0800dfce   0x0800dfce   0x00000002   PAD
    0x0800dfd0   0x0800dfd0   0x00000024   Code   RO         1202    .text               c_w.l(_printf_char_file.o)
    0x0800dff4   0x0800dff4   0x00000030   Code   RO         1229    .text               c_w.l(_printf_char_common.o)
    0x0800e024   0x0800e024   0x00000008   Code   RO         1231    .text               c_w.l(ferror.o)
    0x0800e02c   0x0800e02c   0x0000004a   Code   RO         1235    .text               c_w.l(sys_stackheap_outer.o)
    0x0800e076   0x0800e076   0x00000012   Code   RO         1239    .text               c_w.l(exit.o)
    0x0800e088   0x0800e088   0x00000008   Code   RO         1247    .text               c_w.l(libspace.o)
    0x0800e090   0x0800e090   0x00000062   Code   RO         1181    x$fpl$d2f           fz_wm.l(d2f.o)
    0x0800e0f2   0x0800e0f2   0x00000002   PAD
    0x0800e0f4   0x0800e0f4   0x0000005a   Code   RO         1183    x$fpl$dfixu         fz_wm.l(dfixu.o)
    0x0800e14e   0x0800e14e   0x00000026   Code   RO         1187    x$fpl$dfltu         fz_wm.l(dflt_clz.o)
    0x0800e174   0x0800e174   0x00000154   Code   RO         1193    x$fpl$dmul          fz_wm.l(dmul.o)
    0x0800e2c8   0x0800e2c8   0x0000009c   Code   RO         1205    x$fpl$dnaninf       fz_wm.l(dnaninf.o)
    0x0800e364   0x0800e364   0x0000000c   Code   RO         1207    x$fpl$dretinf       fz_wm.l(dretinf.o)
    0x0800e370   0x0800e370   0x00000056   Code   RO         1195    x$fpl$f2d           fz_wm.l(f2d.o)
    0x0800e3c6   0x0800e3c6   0x0000008c   Code   RO         1209    x$fpl$fnaninf       fz_wm.l(fnaninf.o)
    0x0800e452   0x0800e452   0x0000000a   Code   RO         1306    x$fpl$fpinit        fz_wm.l(fpinit.o)
    0x0800e45c   0x0800e45c   0x0000000a   Code   RO         1211    x$fpl$fretinf       fz_wm.l(fretinf.o)
    0x0800e466   0x0800e466   0x00000000   Code   RO         1213    x$fpl$usenofp       fz_wm.l(usenofp.o)
    0x0800e466   0x0800e466   0x000017c0   Data   RO          316    .constdata          lcd.o
    0x0800fc26   0x0800fc26   0x00000002   PAD
    0x0800fc28   0x0800fc28   0x0000001c   Data   RO          652    .constdata          stm32f4xx_fsmc.o
    0x0800fc44   0x0800fc44   0x00000024   Data   RO          862    .constdata          malloc.o
    0x0800fc68   0x0800fc68   0x00000100   Data   RO          890    .constdata          os_core.o
    0x0800fd68   0x0800fd68   0x00000028   Data   RO         1137    .constdata          c_w.l(_printf_hex_int.o)
    0x0800fd90   0x0800fd90   0x00000020   Data   RO         1370    Region$$Table       anon$$obj.o


    Execution Region RW_IRAM1 (Exec base: 0x20000000, Load base: 0x0800fdb0, Size: 0x0001f560, Max: 0x00020000, ABSOLUTE, COMPRESSED[0x0000009c])

    Exec Addr    Load Addr    Size         Type   Attr      Idx    E Section Name        Object

    0x20000000   COMPRESSED   0x00000078   Data   RW            5    .data               main.o
    0x20000078   COMPRESSED   0x00000014   Data   RW          265    .data               system_stm32f4xx.o
    0x2000008c   COMPRESSED   0x00000004   Data   RW          317    .data               lcd.o
    0x20000090   COMPRESSED   0x00000001   Data   RW          353    .data               key.o
    0x20000091   COMPRESSED   0x00000001   PAD
    0x20000092   COMPRESSED   0x00000003   Data   RW          394    .data               tpad.o
    0x20000095   COMPRESSED   0x00000004   Data   RW          464    .data               rtc.o
    0x20000099   COMPRESSED   0x00000001   PAD
    0x2000009a   COMPRESSED   0x00000002   Data   RW          508    .data               w25qxx.o
    0x2000009c   COMPRESSED   0x00000004   Data   RW          534    .data               delay.o
    0x200000a0   COMPRESSED   0x00000006   Data   RW          575    .data               usart.o
    0x200000a6   COMPRESSED   0x00000010   Data   RW          675    .data               stm32f4xx_rcc.o
    0x200000b6   COMPRESSED   0x00000002   PAD
    0x200000b8   COMPRESSED   0x00000024   Data   RW          863    .data               malloc.o
    0x200000dc   COMPRESSED   0x0000005c   Data   RW          891    .data               os_core.o
    0x20000138   COMPRESSED   0x00000006   Data   RW         1094    .data               os_cpu_c.o
    0x2000013e   COMPRESSED   0x00000002   PAD
    0x20000140        -       0x00002490   Zero   RW            4    .bss                main.o
    0x200025d0        -       0x0000000e   Zero   RW          315    .bss                lcd.o
    0x200025de        -       0x00001000   Zero   RW          507    .bss                w25qxx.o
    0x200035de        -       0x000000c8   Zero   RW          574    .bss                usart.o
    0x200036a6   COMPRESSED   0x0000001a   PAD
    0x200036c0        -       0x0001a900   Zero   RW          861    .bss                malloc.o
    0x2001dfc0        -       0x00000f40   Zero   RW          889    .bss                os_core.o
    0x2001ef00        -       0x00000060   Zero   RW         1248    .bss                c_w.l(libspace.o)
    0x2001ef60        -       0x00000200   Zero   RW          603    HEAP                startup_stm32f40_41xxx.o
    0x2001f160        -       0x00000400   Zero   RW          602    STACK               startup_stm32f40_41xxx.o



  Load Region LR$$.ARM.__AT_0x10000000 (Base: 0x10000000, Size: 0x00000000, Max: 0x0000f000, ABSOLUTE)

    Execution Region ER$$.ARM.__AT_0x10000000 (Exec base: 0x10000000, Load base: 0x10000000, Size: 0x0000f000, Max: 0x0000f000, ABSOLUTE, UNINIT)

    Exec Addr    Load Addr    Size         Type   Attr      Idx    E Section Name        Object

    0x10000000        -       0x0000f000   Zero   RW          857    .ARM.__AT_0x10000000  malloc.o



  Load Region LR$$.ARM.__AT_0x1000F000 (Base: 0x1000f000, Size: 0x00000000, Max: 0x00000f00, ABSOLUTE)

    Execution Region ER$$.ARM.__AT_0x1000F000 (Exec base: 0x1000f000, Load base: 0x1000f000, Size: 0x00000f00, Max: 0x00000f00, ABSOLUTE, UNINIT)

    Exec Addr    Load Addr    Size         Type   Attr      Idx    E Section Name        Object

    0x1000f000        -       0x00000f00   Zero   RW          858    .ARM.__AT_0x1000F000  malloc.o



  Load Region LR$$.ARM.__AT_0x68000000 (Base: 0x68000000, Size: 0x00000000, Max: 0x000f0000, ABSOLUTE)

    Execution Region ER$$.ARM.__AT_0x68000000 (Exec base: 0x68000000, Load base: 0x68000000, Size: 0x000f0000, Max: 0x000f0000, ABSOLUTE, UNINIT)

    Exec Addr    Load Addr    Size         Type   Attr      Idx    E Section Name        Object

    0x68000000        -       0x000f0000   Zero   RW          859    .ARM.__AT_0x68000000  malloc.o



  Load Region LR$$.ARM.__AT_0x680F0000 (Base: 0x680f0000, Size: 0x00000000, Max: 0x0000f000, ABSOLUTE)

    Execution Region ER$$.ARM.__AT_0x680F0000 (Exec base: 0x680f0000, Load base: 0x680f0000, Size: 0x0000f000, Max: 0x0000f000, ABSOLUTE, UNINIT)

    Exec Addr    Load Addr    Size         Type   Attr      Idx    E Section Name        Object

    0x680f0000        -       0x0000f000   Zero   RW          860    .ARM.__AT_0x680F0000  malloc.o


==============================================================================

Image component sizes


      Code (inc. data)   RO Data    RW Data    ZI Data      Debug   Object Name

       364          8          0          0          0       2294   adc.o
        64          4          0          0          0        540   beep.o
       296         18          0          4          0       1865   delay.o
       260         12          0          1          0        888   key.o
     20260        420       6080          4         14      23410   lcd.o
        64          4          0          0          0        535   led.o
      3644        394          0        120       9360     372308   main.o
       556         18         36         36    1218560       5033   malloc.o
       224         20          0          0          0       1841   misc.o
      2196        218        256         92       3904      16055   os_core.o
       200         32          0          0          0        328   os_cpu_a.o
       488          8          0          6          0      11879   os_cpu_c.o
      2060         42          0          0          0       7240   os_flag.o
       972         16          0          0          0       4350   os_mbox.o
      1512         30          0          0          0       5805   os_q.o
       908         18          0          0          0       4082   os_sem.o
      1988         70          0          0          0       7925   os_task.o
       432         30          0          0          0       1890   os_time.o
      1588         94          0          0          0       5769   os_tmr.o
       580         20          0          4          0       2868   rtc.o
       280          8          0          0          0       1089   spi.o
        64         26        392          0       1536        840   startup_stm32f40_41xxx.o
      1124         24          0          0          0      10710   stm32f4xx_adc.o
       272         10          0          0          0       2311   stm32f4xx_exti.o
      1480         18         28          0          0       5682   stm32f4xx_fsmc.o
       660         44          0          0          0       4181   stm32f4xx_gpio.o
        22          0          0          0          0       1047   stm32f4xx_it.o
       364         12          0          0          0       3803   stm32f4xx_pwr.o
      1628         52          0         16          0      13068   stm32f4xx_rcc.o
      3432         44          0          0          0      15452   stm32f4xx_rtc.o
      1152         36          0          0          0       6929   stm32f4xx_spi.o
      3234         60          0          0          0      23036   stm32f4xx_tim.o
      1108         34          0          0          0       7904   stm32f4xx_usart.o
       528         46          0         20          0       1811   system_stm32f4xx.o
       640         38          0          3          0       2523   tpad.o
       340         18          0          6        200       3386   usart.o
      1146         32          0          2       4096       5944   w25qxx.o

    ----------------------------------------------------------------------
     56136       1978       6826        320    1237696     586621   Object Totals
         0          0         32          0          0          0   (incl. Generated)
         6          0          2          6         26          0   (incl. Padding)

    ----------------------------------------------------------------------

      Code (inc. data)   RO Data    RW Data    ZI Data      Debug   Library Member Name

        90          0          0          0          0          0   __dczerorl2.o
         8          0          0          0          0         68   __main.o
       104          0          0          0          0         84   __printf.o
         0          0          0          0          0          0   __rtentry.o
        12          0          0          0          0          0   __rtentry2.o
         6          0          0          0          0          0   __rtentry4.o
        52          8          0          0          0          0   __scatter.o
        28          0          0          0          0          0   __scatter_zi.o
        48          6          0          0          0         96   _printf_char_common.o
        36          4          0          0          0         80   _printf_char_file.o
         6          0          0          0          0          0   _printf_d.o
       120         16          0          0          0         92   _printf_dec.o
        88          4         40          0          0         88   _printf_hex_int.o
       178          0          0          0          0         88   _printf_intcommon.o
         0          0          0          0          0          0   _printf_percent.o
         4          0          0          0          0          0   _printf_percent_end.o
         6          0          0          0          0          0   _printf_x.o
        18          0          0          0          0         80   exit.o
         8          0          0          0          0         68   ferror.o
         6          0          0          0          0        152   heapauxi.o
         2          0          0          0          0          0   libinit.o
         6          0          0          0          0          0   libinit2.o
         2          0          0          0          0          0   libshutdown.o
         2          0          0          0          0          0   libshutdown2.o
         8          4          0          0         96         68   libspace.o
        24          4          0          0          0         84   noretval__2printf.o
         2          0          0          0          0          0   rtexit.o
        10          0          0          0          0          0   rtexit2.o
        74          0          0          0          0         80   sys_stackheap_outer.o
         2          0          0          0          0         68   use_no_semi.o
         2          0          0          0          0         68   use_no_semi_2.o
        98          4          0          0          0        140   d2f.o
        90          4          0          0          0        140   dfixu.o
        38          0          0          0          0        116   dflt_clz.o
       340         12          0          0          0        152   dmul.o
       156          4          0          0          0        140   dnaninf.o
        12          0          0          0          0        116   dretinf.o
        86          4          0          0          0        132   f2d.o
       140          4          0          0          0        132   fnaninf.o
        10          0          0          0          0        116   fpinit.o
        10          0          0          0          0        116   fretinf.o
         0          0          0          0          0          0   usenofp.o

    ----------------------------------------------------------------------
      1942         78         40          0         96       2564   Library Totals
        10          0          0          0          0          0   (incl. Padding)

    ----------------------------------------------------------------------

      Code (inc. data)   RO Data    RW Data    ZI Data      Debug   Library Name

       952         46         40          0         96       1264   c_w.l
       980         32          0          0          0       1300   fz_wm.l

    ----------------------------------------------------------------------
      1942         78         40          0         96       2564   Library Totals

    ----------------------------------------------------------------------

==============================================================================


      Code (inc. data)   RO Data    RW Data    ZI Data      Debug   

     58078       2056       6866        320    1237792     579613   Grand Totals
     58078       2056       6866        156    1237792     579613   ELF Image Totals (compressed)
     58078       2056       6866        156          0          0   ROM Totals

==============================================================================

    Total RO  Size (Code + RO Data)                64944 (  63.42kB)
    Total RW  Size (RW Data + ZI Data)           1238112 (1209.09kB)
    Total ROM Size (Code + RO Data + RW Data)      65100 (  63.57kB)

==============================================================================

